Fri Jul 18 23:47:25 CEST 2025
$PROB    Bolus_2CPT_V1QV2VMKM MULTIPLE DOSE FOCEI (120 Ind/4680 Obs) runODE041
$INPUT   ID TIME DV LNDV MDV AMT EVID DOSE VI VMI KMI QI V2I SD CMT
$DATA    Bolus_2CPTMM.csv IGNORE=@ IGNORE(SD.EQ.1)
$SUBR    ADVAN13 TOL=7
$MODEL
         COMP=(CENTRAL,DEFOBS,DEFDOSE)
         COMP=(PERI)
$PK
         VM=EXP(THETA(1)+ETA(1))
         KM=EXP(THETA(2)+ETA(2))
         V =EXP(THETA(3)+ETA(3))
         Q =EXP(THETA(4)+ETA(4))
         V2=EXP(THETA(5)+ETA(5))
         K12=Q/V
         K21=Q/V2
         V1=V
         S1=V
$DES
         C1=A(1)/V1
         DADT(1)= K21*A(2)-K12*A(1)-VM*C1/(KM+C1)
         DADT(2)=-K21*A(2)+K12*A(1)
$ERROR
         IPRED = F
         RESCV = THETA(6)
         W     = IPRED*RESCV
         IRES  = DV-IPRED
         IWRES = IRES/W
         Y     = IPRED+W*EPS(1)

$THETA   7         ;log VM
$THETA   5.7       ;log KM
$THETA   4.5       ;log Vc
$THETA   1.5       ;log Q
$THETA   4         ;log Vp
$THETA   (0,0.3,1) ;RSV
$OMEGA   0.15 0.15 0.15 0.15 0.15
$SIGMA   1 FIX
$EST     NSIG=2 SIGL=6 PRINT=5 MAX=9999 NOABORT POSTHOC METHOD=COND INTER NOOBT
$COV
$TABLE  ID TIME LNDV MDV AMT EVID DOSE VI VMI KMI V VM KM Q V2 ETA1 ETA2 ETA3 ETA4 ETA5
        IPRED IRES IWRES CWRESI
        ONEHEADER NOPRINT FILE=runODE041.csv
NM-TRAN MESSAGES
  
 WARNINGS AND ERRORS (IF ANY) FOR PROBLEM    1
             
 (WARNING  2) NM-TRAN INFERS THAT THE DATA ARE POPULATION.

License Registered to: Novartis AG
Expiration Date:    14 JAN 2026
Current Date:       18 JUL 2025
Days until program expires : 181
1NONLINEAR MIXED EFFECTS MODEL PROGRAM (NONMEM) VERSION 7.4.3
 ORIGINALLY DEVELOPED BY STUART BEAL, LEWIS SHEINER, AND ALISON BOECKMANN
 CURRENT DEVELOPERS ARE ROBERT BAUER, ICON DEVELOPMENT SOLUTIONS,
 AND ALISON BOECKMANN. IMPLEMENTATION, EFFICIENCY, AND STANDARDIZATION
 PERFORMED BY NOUS INFOSYSTEMS.

 PROBLEM NO.:         1
 Bolus_2CPT_V1QV2VMKM MULTIPLE DOSE FOCEI (120 Ind/4680 Obs) runODE041
0DATA CHECKOUT RUN:              NO
 DATA SET LOCATED ON UNIT NO.:    2
 THIS UNIT TO BE REWOUND:        NO
 NO. OF DATA RECS IN DATA SET:     5520
 NO. OF DATA ITEMS IN DATA SET:  15
 ID DATA ITEM IS DATA ITEM NO.:   1
 DEP VARIABLE IS DATA ITEM NO.:   3
 MDV DATA ITEM IS DATA ITEM NO.:  5
0INDICES PASSED TO SUBROUTINE PRED:
   7   2   6   0   0   0  15   0   0   0   0
0LABELS FOR DATA ITEMS:
 ID TIME DV LNDV MDV AMT EVID DOSE VI VMI KMI QI V2I SD CMT
0(NONBLANK) LABELS FOR PRED-DEFINED ITEMS:
 VM KM V Q V2 IPRED IRES IWRES
0FORMAT FOR DATA:
 (E4.0,3E7.0,E2.0,E6.0,E2.0,2E6.0,E7.0,E6.0,E5.0,E6.0,2E2.0)

 TOT. NO. OF OBS RECS:     4680
 TOT. NO. OF INDIVIDUALS:      120
0LENGTH OF THETA:   6
0DEFAULT THETA BOUNDARY TEST OMITTED:    NO
0OMEGA HAS SIMPLE DIAGONAL FORM WITH DIMENSION:   5
0DEFAULT OMEGA BOUNDARY TEST OMITTED:   YES
0SIGMA HAS SIMPLE DIAGONAL FORM WITH DIMENSION:   1
0DEFAULT SIGMA BOUNDARY TEST OMITTED:    NO
0INITIAL ESTIMATE OF THETA:
 LOWER BOUND    INITIAL EST    UPPER BOUND
 -0.1000E+07     0.7000E+01     0.1000E+07
 -0.1000E+07     0.5700E+01     0.1000E+07
 -0.1000E+07     0.4500E+01     0.1000E+07
 -0.1000E+07     0.1500E+01     0.1000E+07
 -0.1000E+07     0.4000E+01     0.1000E+07
  0.0000E+00     0.3000E+00     0.1000E+01
0INITIAL ESTIMATE OF OMEGA:
 0.1500E+00
 0.0000E+00   0.1500E+00
 0.0000E+00   0.0000E+00   0.1500E+00
 0.0000E+00   0.0000E+00   0.0000E+00   0.1500E+00
 0.0000E+00   0.0000E+00   0.0000E+00   0.0000E+00   0.1500E+00
0INITIAL ESTIMATE OF SIGMA:
 0.1000E+01
0SIGMA CONSTRAINED TO BE THIS INITIAL ESTIMATE
0COVARIANCE STEP OMITTED:        NO
 EIGENVLS. PRINTED:              NO
 SPECIAL COMPUTATION:            NO
 COMPRESSED FORMAT:              NO
 GRADIENT METHOD USED:     NOSLOW
 SIGDIGITS ETAHAT (SIGLO):                  -1
 SIGDIGITS GRADIENTS (SIGL):                -1
 EXCLUDE COV FOR FOCE (NOFCOV):              NO
 TURN OFF Cholesky Transposition of R Matrix (CHOLROFF): NO
 KNUTHSUMOFF:                                -1
 RESUME COV ANALYSIS (RESUME):               NO
 SIR SAMPLE SIZE (SIRSAMPLE):              -1
 NON-LINEARLY TRANSFORM THETAS DURING COV (THBND): 1
 PRECONDTIONING CYCLES (PRECOND):        0
 PRECONDTIONING TYPES (PRECONDS):        TOS
 FORCED PRECONDTIONING CYCLES (PFCOND):0
 PRECONDTIONING TYPE (PRETYPE):        0
 FORCED POS. DEFINITE SETTING: (FPOSDEF):0
0TABLES STEP OMITTED:    NO
 NO. OF TABLES:           1
 SEED NUMBER (SEED):    11456
 RANMETHOD:             3U
 MC SAMPLES (ESAMPLE):    300
 WRES SQUARE ROOT TYPE (WRESCHOL): EIGENVALUE
0-- TABLE   1 --
0RECORDS ONLY:    ALL
04 COLUMNS APPENDED:    YES
 PRINTED:                NO
 HEADERS:               ONE
 FILE TO BE FORWARDED:   NO
 FORMAT:                S1PE11.4
 LFORMAT:
 RFORMAT:
 FIXED_EFFECT_ETAS:
0USER-CHOSEN ITEMS:
 ID TIME LNDV MDV AMT EVID DOSE VI VMI KMI V VM KM Q V2 ETA1 ETA2 ETA3 ETA4 ETA5 IPRED IRES IWRES CWRESI
1DOUBLE PRECISION PREDPP VERSION 7.4.3

 GENERAL NONLINEAR KINETICS MODEL WITH STIFF/NONSTIFF EQUATIONS (LSODA, ADVAN13)
0MODEL SUBROUTINE USER-SUPPLIED - ID NO. 9999
0MAXIMUM NO. OF BASIC PK PARAMETERS:   5
0COMPARTMENT ATTRIBUTES
 COMPT. NO.   FUNCTION   INITIAL    ON/OFF      DOSE      DEFAULT    DEFAULT
                         STATUS     ALLOWED    ALLOWED    FOR DOSE   FOR OBS.
    1         CENTRAL      ON         YES        YES        YES        YES
    2         PERI         ON         YES        YES        NO         NO
    3         OUTPUT       OFF        YES        NO         NO         NO
 INITIAL (BASE) TOLERANCE SETTINGS:
 NRD (RELATIVE) VALUE(S) OF TOLERANCE:   7
 ANRD (ABSOLUTE) VALUE(S) OF TOLERANCE:  12
1
 ADDITIONAL PK PARAMETERS - ASSIGNMENT OF ROWS IN GG
 COMPT. NO.                             INDICES
              SCALE      BIOAVAIL.   ZERO-ORDER  ZERO-ORDER  ABSORB
                         FRACTION    RATE        DURATION    LAG
    1            6           *           *           *           *
    2            *           *           *           *           *
    3            *           -           -           -           -
             - PARAMETER IS NOT ALLOWED FOR THIS MODEL
             * PARAMETER IS NOT SUPPLIED BY PK SUBROUTINE;
               WILL DEFAULT TO ONE IF APPLICABLE
0DATA ITEM INDICES USED BY PRED ARE:
   EVENT ID DATA ITEM IS DATA ITEM NO.:      7
   TIME DATA ITEM IS DATA ITEM NO.:          2
   DOSE AMOUNT DATA ITEM IS DATA ITEM NO.:   6
   COMPT. NO. DATA ITEM IS DATA ITEM NO.:   15

0PK SUBROUTINE CALLED WITH EVERY EVENT RECORD.
 PK SUBROUTINE NOT CALLED AT NONEVENT (ADDITIONAL OR LAGGED) DOSE TIMES.
0ERROR SUBROUTINE CALLED WITH EVERY EVENT RECORD.
0DES SUBROUTINE USES COMPACT STORAGE MODE.
1
 
 
 #TBLN:      1
 #METH: First Order Conditional Estimation with Interaction
 
 ESTIMATION STEP OMITTED:                 NO
 ANALYSIS TYPE:                           POPULATION
 NUMBER OF SADDLE POINT RESET ITERATIONS:      0
 GRADIENT METHOD USED:               NOSLOW
 CONDITIONAL ESTIMATES USED:              YES
 CENTERED ETA:                            NO
 EPS-ETA INTERACTION:                     YES
 LAPLACIAN OBJ. FUNC.:                    NO
 NO. OF FUNCT. EVALS. ALLOWED:            9999
 NO. OF SIG. FIGURES REQUIRED:            2
 INTERMEDIATE PRINTOUT:                   YES
 ESTIMATE OUTPUT TO MSF:                  NO
 ABORT WITH PRED EXIT CODE 1:             NO
 IND. OBJ. FUNC. VALUES SORTED:           NO
 NUMERICAL DERIVATIVE
       FILE REQUEST (NUMDER):               NONE
 MAP (ETAHAT) ESTIMATION METHOD (OPTMAP):   0
 ETA HESSIAN EVALUATION METHOD (ETADER):    0
 INITIAL ETA FOR MAP ESTIMATION (MCETA):    0
 SIGDIGITS FOR MAP ESTIMATION (SIGLO):      6
 GRADIENT SIGDIGITS OF
       FIXED EFFECTS PARAMETERS (SIGL):     6
 NOPRIOR SETTING (NOPRIOR):                 OFF
 NOCOV SETTING (NOCOV):                     OFF
 DERCONT SETTING (DERCONT):                 OFF
 FINAL ETA RE-EVALUATION (FNLETA):          ON
 EXCLUDE NON-INFLUENTIAL (NON-INFL.) ETAS
       IN SHRINKAGE (ETASTYPE):             NO
 NON-INFL. ETA CORRECTION (NONINFETA):      OFF
 RAW OUTPUT FILE (FILE): runODE041.ext
 EXCLUDE TITLE (NOTITLE):                   NO
 EXCLUDE COLUMN LABELS (NOLABEL):           NO
 FORMAT FOR ADDITIONAL FILES (FORMAT):      S1PE12.5
 PARAMETER ORDER FOR OUTPUTS (ORDER):       TSOL
 WISHART PRIOR DF INTERPRETATION (WISHTYPE):0
 KNUTHSUMOFF:                               0
 INCLUDE LNTWOPI:                           NO
 INCLUDE CONSTANT TERM TO PRIOR (PRIORC):   NO
 INCLUDE CONSTANT TERM TO OMEGA (ETA) (OLNTWOPI):NO
 ADDITIONAL CONVERGENCE TEST (CTYPE=4)?:    NO
 EM OR BAYESIAN METHOD USED:                 NONE

 TOLERANCES FOR ESTIMATION/EVALUATION STEP:
 NRD (RELATIVE) VALUE(S) OF TOLERANCE:   7
 ANRD (ABSOLUTE) VALUE(S) OF TOLERANCE:  12
 TOLERANCES FOR COVARIANCE STEP:
 NRD (RELATIVE) VALUE(S) OF TOLERANCE:   7
 ANRD (ABSOLUTE) VALUE(S) OF TOLERANCE:  12
 TOLERANCES FOR TABLE/SCATTER STEP:
 NRD (RELATIVE) VALUE(S) OF TOLERANCE:   7
 ANRD (ABSOLUTE) VALUE(S) OF TOLERANCE:  12
 
 THE FOLLOWING LABELS ARE EQUIVALENT
 PRED=PREDI
 RES=RESI
 WRES=WRESI
 IWRS=IWRESI
 IPRD=IPREDI
 IRS=IRESI
 
 MONITORING OF SEARCH:

 
0ITERATION NO.:    0    OBJECTIVE VALUE:   52203.2773379060        NO. OF FUNC. EVALS.:   8
 CUMULATIVE NO. OF FUNC. EVALS.:        8
 NPARAMETR:  7.0000E+00  5.7000E+00  4.5000E+00  1.5000E+00  4.0000E+00  3.0000E-01  1.5000E-01  1.5000E-01  1.5000E-01  1.5000E-01
             1.5000E-01
 PARAMETER:  1.0000E-01  1.0000E-01  1.0000E-01  1.0000E-01  1.0000E-01  1.0000E-01  1.0000E-01  1.0000E-01  1.0000E-01  1.0000E-01
             1.0000E-01
 GRADIENT:   2.6408E+04  1.5147E+03  1.7993E+04  1.3525E+02  1.0205E+04  2.6474E+03  5.9478E+01  6.4429E+00  2.5854E+01  5.0751E+00
            -1.2426E+01
 
0ITERATION NO.:    5    OBJECTIVE VALUE:   51507.5793055662        NO. OF FUNC. EVALS.: 110
 CUMULATIVE NO. OF FUNC. EVALS.:      118
 NPARAMETR:  6.8787E+00  5.6334E+00  4.3110E+00  1.4905E+00  3.8027E+00  1.9082E-01  1.5073E-01  1.2418E-01  1.1989E-01  1.2695E-01
             1.2051E-01
 PARAMETER:  9.8267E-02  9.8832E-02  9.5801E-02  9.9368E-02  9.5066E-02 -4.9742E-01  1.0244E-01  5.5633E-03 -1.2038E-02  1.6580E-02
            -9.4573E-03
 GRADIENT:   1.1095E+05 -2.4844E+04  8.3802E+03 -5.3221E+02  7.5562E+03 -1.5968E+03  4.6716E+01 -1.7272E+01  5.0510E+01 -3.6969E+00
            -3.8393E+01
 
0ITERATION NO.:   10    OBJECTIVE VALUE:   51323.3956587662        NO. OF FUNC. EVALS.: 127
 CUMULATIVE NO. OF FUNC. EVALS.:      245
 NPARAMETR:  7.1137E+00  5.8182E+00  4.2410E+00  1.7103E+00  3.6801E+00  2.1069E-01  1.2240E-01  1.3419E-01  9.3362E-02  2.5948E-01
             1.5694E-01
 PARAMETER:  1.0162E-01  1.0207E-01  9.4244E-02  1.1402E-01  9.2002E-02 -3.7346E-01 -1.6697E-03  4.4316E-02 -1.3708E-01  3.7402E-01
             1.2260E-01
 GRADIENT:   9.9349E+04 -2.2199E+04  1.6403E+03 -1.0639E+02  2.1262E+03 -2.2450E+01  6.2620E+01 -5.5939E+00  1.5561E+01  2.0615E+00
            -1.1333E+01
 
0ITERATION NO.:   15    OBJECTIVE VALUE:   51278.6363105293        NO. OF FUNC. EVALS.: 114
 CUMULATIVE NO. OF FUNC. EVALS.:      359
 NPARAMETR:  7.3068E+00  6.1595E+00  4.2495E+00  1.7833E+00  3.5694E+00  2.1015E-01  7.4036E-02  1.6265E-01  8.2179E-02  2.0807E-01
             2.0866E-01
 PARAMETER:  1.0438E-01  1.0806E-01  9.4434E-02  1.1889E-01  8.9235E-02 -3.7673E-01 -2.5304E-01  1.4049E-01 -2.0087E-01  2.6361E-01
             2.6503E-01
 GRADIENT:   9.7750E+04 -2.2062E+04  1.4443E+03  4.2469E+02 -5.9012E+02  1.7308E+01  1.7854E+01 -1.1551E+01 -9.4355E+00 -6.9644E+00
            -7.6800E+00
 
0ITERATION NO.:   20    OBJECTIVE VALUE:   51270.4579467835        NO. OF FUNC. EVALS.: 128
 CUMULATIVE NO. OF FUNC. EVALS.:      487
 NPARAMETR:  7.3389E+00  6.2716E+00  4.2591E+00  1.4195E+00  3.6572E+00  2.0914E-01  5.5872E-02  2.6449E-01  8.6178E-02  2.6846E-01
             2.2109E-01
 PARAMETER:  1.0484E-01  1.1003E-01  9.4647E-02  9.4635E-02  9.1430E-02 -3.8282E-01 -3.9379E-01  3.8359E-01 -1.7711E-01  3.9102E-01
             2.9397E-01
 GRADIENT:   5.3300E+04  1.2008E+04  5.6442E+03 -3.6007E+02  3.0524E+03 -3.1411E+01  5.4460E+00 -7.4565E+00  3.8699E+00  1.0053E+01
            -4.9536E-01
 
0ITERATION NO.:   25    OBJECTIVE VALUE:   51261.3094850935        NO. OF FUNC. EVALS.: 139
 CUMULATIVE NO. OF FUNC. EVALS.:      626
 NPARAMETR:  7.3654E+00  6.3822E+00  4.2629E+00  1.5569E+00  3.6126E+00  2.0942E-01  5.0251E-02  3.0014E-01  8.5719E-02  2.4381E-01
             2.2248E-01
 PARAMETER:  1.0522E-01  1.1197E-01  9.4732E-02  1.0380E-01  9.0315E-02 -3.8112E-01 -4.4680E-01  4.4681E-01 -1.7978E-01  3.4288E-01
             2.9709E-01
 GRADIENT:   9.0455E+04 -2.0923E+04  1.3836E+03 -5.0477E+01  5.7233E+02  3.5217E+00  4.9181E+00 -3.4796E+00  1.0976E+00  5.5598E+00
             7.8691E-01
 
0ITERATION NO.:   30    OBJECTIVE VALUE:   51259.3331372974        NO. OF FUNC. EVALS.: 121
 CUMULATIVE NO. OF FUNC. EVALS.:      747
 NPARAMETR:  7.3779E+00  6.4422E+00  4.2676E+00  1.5925E+00  3.6000E+00  2.0935E-01  4.4834E-02  3.2163E-01  8.5110E-02  1.7083E-01
             2.1829E-01
 PARAMETER:  1.0540E-01  1.1302E-01  9.4835E-02  1.0616E-01  8.9999E-02 -3.8157E-01 -5.0383E-01  4.8139E-01 -1.8334E-01  1.6503E-01
             2.8760E-01
 GRADIENT:   8.8952E+04 -2.0409E+04  1.8455E+03  1.4472E+02 -3.2405E+01  1.3879E+00  2.6189E+00 -4.3138E+00 -1.1564E+00 -1.2783E+00
            -1.7753E+00
 
0ITERATION NO.:   35    OBJECTIVE VALUE:   51257.9754375683        NO. OF FUNC. EVALS.: 131
 CUMULATIVE NO. OF FUNC. EVALS.:      878
 NPARAMETR:  7.4107E+00  6.4994E+00  4.2736E+00  1.5936E+00  3.5968E+00  2.0933E-01  3.9418E-02  3.5350E-01  8.4726E-02  1.3939E-01
             2.2447E-01
 PARAMETER:  1.0587E-01  1.1403E-01  9.4970E-02  1.0624E-01  8.9920E-02 -3.8169E-01 -5.6820E-01  5.2862E-01 -1.8561E-01  6.3319E-02
             3.0155E-01
 GRADIENT:   8.9641E+04 -2.0878E+04  2.3725E+03  2.3121E+02 -1.2394E+02  2.8362E+00  2.1968E+00 -2.1338E+00 -2.1030E+00 -4.1202E+00
            -8.5324E-01
 
0ITERATION NO.:   40    OBJECTIVE VALUE:   51257.4263307241        NO. OF FUNC. EVALS.: 123
 CUMULATIVE NO. OF FUNC. EVALS.:     1001
 NPARAMETR:  7.4182E+00  6.5316E+00  4.2691E+00  1.4053E+00  3.6106E+00  2.0927E-01  3.6378E-02  3.6499E-01  8.5712E-02  1.7210E-01
             2.2625E-01
 PARAMETER:  1.0597E-01  1.1459E-01  9.4869E-02  9.3690E-02  9.0264E-02 -3.8201E-01 -6.0834E-01  5.4462E-01 -1.7982E-01  1.6872E-01
             3.0550E-01
 GRADIENT:   8.7413E+04 -2.0814E+04  8.9430E+02 -1.8388E+02  5.0985E+02 -2.6609E+00  2.8024E-01 -2.8878E+00  2.8052E+00  3.8081E+00
            -1.5068E-01
 
0ITERATION NO.:   45    OBJECTIVE VALUE:   51256.2461730241        NO. OF FUNC. EVALS.: 134
 CUMULATIVE NO. OF FUNC. EVALS.:     1135
 NPARAMETR:  7.4342E+00  6.5582E+00  4.2720E+00  1.4482E+00  3.6062E+00  2.0926E-01  3.4032E-02  3.7812E-01  8.5211E-02  1.5254E-01
             2.2636E-01
 PARAMETER:  1.0620E-01  1.1506E-01  9.4933E-02  9.6545E-02  9.0155E-02 -3.8210E-01 -6.4167E-01  5.6229E-01 -1.8275E-01  1.0840E-01
             3.0576E-01
 GRADIENT:   8.8010E+04 -2.1036E+04  1.3525E+03 -8.2458E+01  3.0942E+02 -9.7623E-01  3.6244E-01 -1.9854E+00  1.1425E+00  1.2582E+00
            -3.9067E-01
 
0ITERATION NO.:   50    OBJECTIVE VALUE:   51255.8999038669        NO. OF FUNC. EVALS.: 127
 CUMULATIVE NO. OF FUNC. EVALS.:     1262
 NPARAMETR:  7.4486E+00  6.5902E+00  4.2726E+00  1.4443E+00  3.6068E+00  2.0922E-01  3.1601E-02  3.8875E-01  8.5217E-02  1.6293E-01
             2.2763E-01
 PARAMETER:  1.0641E-01  1.1562E-01  9.4947E-02  9.6284E-02  9.0170E-02 -3.8235E-01 -6.7872E-01  5.7615E-01 -1.8272E-01  1.4136E-01
             3.0855E-01
 GRADIENT:   8.7725E+04 -2.1143E+04  1.3404E+03 -9.0610E+01  2.9097E+02 -1.5295E+00 -1.4288E-02 -2.1040E+00  1.2733E+00  2.1778E+00
             3.2874E-02
 
0ITERATION NO.:   55    OBJECTIVE VALUE:   51255.8219611554        NO. OF FUNC. EVALS.: 132
 CUMULATIVE NO. OF FUNC. EVALS.:     1394
 NPARAMETR:  7.4589E+00  6.6135E+00  4.2723E+00  1.4311E+00  3.6095E+00  2.0919E-01  2.9780E-02  3.9748E-01  8.5341E-02  1.6897E-01
             2.2700E-01
 PARAMETER:  1.0656E-01  1.1603E-01  9.4940E-02  9.5405E-02  9.0237E-02 -3.8250E-01 -7.0840E-01  5.8726E-01 -1.8199E-01  1.5953E-01
             3.0716E-01
 GRADIENT:   8.7454E+04 -2.1232E+04  1.2254E+03 -1.1431E+02  3.2757E+02 -2.3448E+00 -2.6997E-01 -2.1447E+00  1.6818E+00  2.9470E+00
            -1.4520E-02
 
0ITERATION NO.:   60    OBJECTIVE VALUE:   51255.4311058477        NO. OF FUNC. EVALS.: 132
 CUMULATIVE NO. OF FUNC. EVALS.:     1526
 NPARAMETR:  7.4651E+00  6.6262E+00  4.2744E+00  1.4702E+00  3.6079E+00  2.0920E-01  2.9344E-02  4.0510E-01  8.5012E-02  1.5531E-01
             2.2664E-01
 PARAMETER:  1.0664E-01  1.1625E-01  9.4987E-02  9.8014E-02  9.0197E-02 -3.8246E-01 -7.1578E-01  5.9675E-01 -1.8392E-01  1.1739E-01
             3.0635E-01
 GRADIENT:   8.7649E+04 -2.1287E+04  1.6222E+03 -2.3673E+01  1.9573E+02 -3.7123E-01  1.7435E-01 -1.0086E+00  4.5511E-01  8.7021E-01
             1.3392E-02
 
0ITERATION NO.:   65    OBJECTIVE VALUE:   51255.3135595650        NO. OF FUNC. EVALS.: 144
 CUMULATIVE NO. OF FUNC. EVALS.:     1670             RESET HESSIAN, TYPE I
 NPARAMETR:  7.4796E+00  6.6433E+00  4.2759E+00  1.4686E+00  3.6085E+00  2.0920E-01  2.7835E-02  4.1738E-01  8.4851E-02  1.3994E-01
             2.2726E-01
 PARAMETER:  1.0685E-01  1.1655E-01  9.5020E-02  9.7904E-02  9.0213E-02 -3.8245E-01 -7.4218E-01  6.1168E-01 -1.8487E-01  6.5302E-02
             3.0774E-01
 GRADIENT:   5.0109E+04  1.6674E+04  6.2223E+03  5.9061E+00  9.6409E+02  1.9969E+00  4.4508E-01  5.0049E-01  5.6592E-02 -4.6501E-01
            -2.3531E-02
 
0ITERATION NO.:   70    OBJECTIVE VALUE:   51255.2707914788        NO. OF FUNC. EVALS.: 126
 CUMULATIVE NO. OF FUNC. EVALS.:     1796             RESET HESSIAN, TYPE I
 NPARAMETR:  7.4808E+00  6.6564E+00  4.2762E+00  1.4692E+00  3.6072E+00  2.0920E-01  2.6828E-02  4.1871E-01  8.4804E-02  1.4321E-01
             2.2764E-01
 PARAMETER:  1.0687E-01  1.1678E-01  9.5027E-02  9.7947E-02  9.0180E-02 -3.8243E-01 -7.6059E-01  6.1328E-01 -1.8515E-01  7.6830E-02
             3.0856E-01
 GRADIENT:   4.9549E+04  1.6962E+04  6.2088E+03  9.3448E+00  8.9789E+02  2.7910E+00  6.8163E-02 -3.6400E-01  3.8880E-03 -1.9023E-01
             6.3311E-02
 
0ITERATION NO.:   74    OBJECTIVE VALUE:   51255.2642948889        NO. OF FUNC. EVALS.:  95
 CUMULATIVE NO. OF FUNC. EVALS.:     1891
 NPARAMETR:  7.4831E+00  6.6573E+00  4.2763E+00  1.4679E+00  3.6079E+00  2.0920E-01  2.6656E-02  4.2010E-01  8.4796E-02  1.4425E-01
             2.2736E-01
 PARAMETER:  1.0690E-01  1.1679E-01  9.5029E-02  9.7863E-02  9.0197E-02 -3.8248E-01 -7.6381E-01  6.1493E-01 -1.8519E-01  8.0449E-02
             3.0795E-01
 GRADIENT:  -4.0383E+01 -9.8884E+01  2.6903E+00 -2.0604E+00  7.4943E+00 -3.9773E-02  1.1128E-01 -1.3484E-01  1.8180E-02 -8.8304E-02
            -2.2609E-02
 
 #TERM:
0MINIMIZATION SUCCESSFUL
 HOWEVER, PROBLEMS OCCURRED WITH THE MINIMIZATION.
 REGARD THE RESULTS OF THE ESTIMATION STEP CAREFULLY, AND ACCEPT THEM ONLY
 AFTER CHECKING THAT THE COVARIANCE STEP PRODUCES REASONABLE OUTPUT.
 NO. OF FUNCTION EVALUATIONS USED:     1891
 NO. OF SIG. DIGITS IN FINAL EST.:  2.2

 ETABAR IS THE ARITHMETIC MEAN OF THE ETA-ESTIMATES,
 AND THE P-VALUE IS GIVEN FOR THE NULL HYPOTHESIS THAT THE TRUE MEAN IS 0.
 
 ETABAR:         5.1169E-03 -8.2409E-03 -1.6343E-02  1.0347E-02  1.0401E-02
 SE:             6.5442E-03  4.8822E-02  2.4401E-02  1.0906E-02  3.1564E-02
 N:                     120         120         120         120         120
 
 P VAL.:         4.3428E-01  8.6596E-01  5.0301E-01  3.4271E-01  7.4176E-01
 
 ETASHRINKSD(%)  5.5908E+01  1.7140E+01  7.8206E+00  6.8413E+01  2.7181E+01
 ETASHRINKVR(%)  8.0559E+01  3.1343E+01  1.5030E+01  9.0023E+01  4.6973E+01
 EBVSHRINKSD(%)  5.5500E+01  1.7515E+01  8.5920E+00  6.8210E+01  2.7327E+01
 EBVSHRINKVR(%)  8.0197E+01  3.1962E+01  1.6446E+01  8.9894E+01  4.7187E+01
 EPSSHRINKSD(%)  2.8006E+00
 EPSSHRINKVR(%)  5.5228E+00
 
  
 TOTAL DATA POINTS NORMALLY DISTRIBUTED (N):         4680
 N*LOG(2PI) CONSTANT TO OBJECTIVE FUNCTION:    8601.26467079574     
 OBJECTIVE FUNCTION VALUE WITHOUT CONSTANT:    51255.2642948889     
 OBJECTIVE FUNCTION VALUE WITH CONSTANT:       59856.5289656846     
 REPORTED OBJECTIVE FUNCTION DOES NOT CONTAIN CONSTANT
  
 TOTAL EFFECTIVE ETAS (NIND*NETA):                           600
  
 #TERE:
 Elapsed estimation  time in seconds:  2930.10
 Elapsed covariance  time in seconds:   220.56
 Elapsed postprocess time in seconds:     2.40
1
 
 
 
 
 
 
 
 
 
 
 
 
 
 
 
 
 
 
 
 
 ************************************************************************************************************************
 ********************                                                                                ********************
 ********************               FIRST ORDER CONDITIONAL ESTIMATION WITH INTERACTION              ********************
 #OBJT:**************                       MINIMUM VALUE OF OBJECTIVE FUNCTION                      ********************
 ********************                                                                                ********************
 ************************************************************************************************************************
 





 #OBJV:********************************************    51255.264       **************************************************
1
 ************************************************************************************************************************
 ********************                                                                                ********************
 ********************               FIRST ORDER CONDITIONAL ESTIMATION WITH INTERACTION              ********************
 ********************                             FINAL PARAMETER ESTIMATE                           ********************
 ********************                                                                                ********************
 ************************************************************************************************************************
 


 THETA - VECTOR OF FIXED EFFECTS PARAMETERS   *********


         TH 1      TH 2      TH 3      TH 4      TH 5      TH 6     
 
         7.48E+00  6.66E+00  4.28E+00  1.47E+00  3.61E+00  2.09E-01
 


 OMEGA - COV MATRIX FOR RANDOM EFFECTS - ETAS  ********


         ETA1      ETA2      ETA3      ETA4      ETA5     
 
 ETA1
+        2.67E-02
 
 ETA2
+        0.00E+00  4.20E-01
 
 ETA3
+        0.00E+00  0.00E+00  8.48E-02
 
 ETA4
+        0.00E+00  0.00E+00  0.00E+00  1.44E-01
 
 ETA5
+        0.00E+00  0.00E+00  0.00E+00  0.00E+00  2.27E-01
 


 SIGMA - COV MATRIX FOR RANDOM EFFECTS - EPSILONS  ****


         EPS1     
 
 EPS1
+        1.00E+00
 
1


 OMEGA - CORR MATRIX FOR RANDOM EFFECTS - ETAS  *******


         ETA1      ETA2      ETA3      ETA4      ETA5     
 
 ETA1
+        1.63E-01
 
 ETA2
+        0.00E+00  6.48E-01
 
 ETA3
+        0.00E+00  0.00E+00  2.91E-01
 
 ETA4
+        0.00E+00  0.00E+00  0.00E+00  3.80E-01
 
 ETA5
+        0.00E+00  0.00E+00  0.00E+00  0.00E+00  4.77E-01
 


 SIGMA - CORR MATRIX FOR RANDOM EFFECTS - EPSILONS  ***


         EPS1     
 
 EPS1
+        1.00E+00
 
1
 ************************************************************************************************************************
 ********************                                                                                ********************
 ********************               FIRST ORDER CONDITIONAL ESTIMATION WITH INTERACTION              ********************
 ********************                            STANDARD ERROR OF ESTIMATE                          ********************
 ********************                                                                                ********************
 ************************************************************************************************************************
 


 THETA - VECTOR OF FIXED EFFECTS PARAMETERS   *********


         TH 1      TH 2      TH 3      TH 4      TH 5      TH 6     
 
         7.70E-02  1.56E-01  3.22E-02  1.66E-01  6.52E-02  2.79E-03
 


 OMEGA - COV MATRIX FOR RANDOM EFFECTS - ETAS  ********


         ETA1      ETA2      ETA3      ETA4      ETA5     
 
 ETA1
+        1.88E-02
 
 ETA2
+       .........  9.46E-02
 
 ETA3
+       ......... .........  1.10E-02
 
 ETA4
+       ......... ......... .........  8.36E-02
 
 ETA5
+       ......... ......... ......... .........  6.27E-02
 


 SIGMA - COV MATRIX FOR RANDOM EFFECTS - EPSILONS  ****


         EPS1     
 
 EPS1
+       .........
 
1


 OMEGA - CORR MATRIX FOR RANDOM EFFECTS - ETAS  *******


         ETA1      ETA2      ETA3      ETA4      ETA5     
 
 ETA1
+        5.75E-02
 
 ETA2
+       .........  7.30E-02
 
 ETA3
+       ......... .........  1.88E-02
 
 ETA4
+       ......... ......... .........  1.10E-01
 
 ETA5
+       ......... ......... ......... .........  6.58E-02
 


 SIGMA - CORR MATRIX FOR RANDOM EFFECTS - EPSILONS  ***


         EPS1     
 
 EPS1
+       .........
 
1
 ************************************************************************************************************************
 ********************                                                                                ********************
 ********************               FIRST ORDER CONDITIONAL ESTIMATION WITH INTERACTION              ********************
 ********************                          COVARIANCE MATRIX OF ESTIMATE                         ********************
 ********************                                                                                ********************
 ************************************************************************************************************************
 

            TH 1      TH 2      TH 3      TH 4      TH 5      TH 6      OM11      OM12      OM13      OM14      OM15      OM22  
             OM23      OM24      OM25      OM33      OM34      OM35      OM44      OM45      OM55      SG11  
 
 TH 1
+        5.92E-03
 
 TH 2
+        1.08E-02  2.45E-02
 
 TH 3
+        5.25E-04  8.26E-04  1.03E-03
 
 TH 4
+       -8.70E-04 -1.75E-03 -1.85E-03  2.76E-02
 
 TH 5
+       -1.37E-03 -2.98E-03 -7.49E-04  3.04E-03  4.25E-03
 
 TH 6
+        3.46E-05  9.20E-05  4.99E-06 -4.38E-05 -2.63E-05  7.78E-06
 
 OM11
+       -3.36E-04 -9.12E-04 -8.74E-05 -2.98E-05  2.05E-04 -1.63E-05  3.52E-04
 
 OM12
+       ......... ......... ......... ......... ......... ......... ......... .........
 
 OM13
+       ......... ......... ......... ......... ......... ......... ......... ......... .........
 
 OM14
+       ......... ......... ......... ......... ......... ......... ......... ......... ......... .........
 
 OM15
+       ......... ......... ......... ......... ......... ......... ......... ......... ......... ......... .........
 
 OM22
+        3.59E-03  9.03E-03  2.22E-04 -1.81E-03 -1.80E-05  8.21E-05 -7.50E-04 ......... ......... ......... .........  8.94E-03
 
 OM23
+       ......... ......... ......... ......... ......... ......... ......... ......... ......... ......... ......... .........
         .........
 
 OM24
+       ......... ......... ......... ......... ......... ......... ......... ......... ......... ......... ......... .........
         ......... .........
 
 OM25
+       ......... ......... ......... ......... ......... ......... ......... ......... ......... ......... ......... .........
         ......... ......... .........
 
 OM33
+       -2.23E-04 -4.39E-04 -3.55E-05  2.43E-04  5.06E-05  2.46E-06  1.49E-05 ......... ......... ......... ......... -2.03E-04
         ......... ......... .........  1.20E-04
 
 OM34
+       ......... ......... ......... ......... ......... ......... ......... ......... ......... ......... ......... .........
         ......... ......... ......... ......... .........
 
 OM35
+       ......... ......... ......... ......... ......... ......... ......... ......... ......... ......... ......... .........
         ......... ......... ......... ......... ......... .........
 
 OM44
+       -1.34E-03 -2.64E-03 -6.15E-04  4.94E-03  8.28E-04 -4.11E-05  1.46E-04 ......... ......... ......... ......... -1.67E-03
         ......... ......... .........  1.25E-04 ......... .........  6.99E-03
 
1

            TH 1      TH 2      TH 3      TH 4      TH 5      TH 6      OM11      OM12      OM13      OM14      OM15      OM22  
             OM23      OM24      OM25      OM33      OM34      OM35      OM44      OM45      OM55      SG11  
 
 OM45
+       ......... ......... ......... ......... ......... ......... ......... ......... ......... ......... ......... .........
         ......... ......... ......... ......... ......... ......... ......... .........
 
 OM55
+        1.11E-03  2.75E-03  7.22E-04 -1.91E-03 -2.14E-03  4.49E-05 -4.27E-04 ......... ......... ......... .........  1.48E-03
         ......... ......... ......... -1.03E-04 ......... .........  1.73E-04 .........  3.93E-03
 
 SG11
+       ......... ......... ......... ......... ......... ......... ......... ......... ......... ......... ......... .........
         ......... ......... ......... ......... ......... ......... ......... ......... ......... .........
 
1
 ************************************************************************************************************************
 ********************                                                                                ********************
 ********************               FIRST ORDER CONDITIONAL ESTIMATION WITH INTERACTION              ********************
 ********************                          CORRELATION MATRIX OF ESTIMATE                        ********************
 ********************                                                                                ********************
 ************************************************************************************************************************
 

            TH 1      TH 2      TH 3      TH 4      TH 5      TH 6      OM11      OM12      OM13      OM14      OM15      OM22  
             OM23      OM24      OM25      OM33      OM34      OM35      OM44      OM45      OM55      SG11  
 
 TH 1
+        7.70E-02
 
 TH 2
+        8.96E-01  1.56E-01
 
 TH 3
+        2.12E-01  1.64E-01  3.22E-02
 
 TH 4
+       -6.80E-02 -6.72E-02 -3.45E-01  1.66E-01
 
 TH 5
+       -2.73E-01 -2.92E-01 -3.57E-01  2.80E-01  6.52E-02
 
 TH 6
+        1.61E-01  2.11E-01  5.56E-02 -9.46E-02 -1.45E-01  2.79E-03
 
 OM11
+       -2.32E-01 -3.11E-01 -1.45E-01 -9.55E-03  1.68E-01 -3.12E-01  1.88E-02
 
 OM12
+       ......... ......... ......... ......... ......... ......... ......... .........
 
 OM13
+       ......... ......... ......... ......... ......... ......... ......... ......... .........
 
 OM14
+       ......... ......... ......... ......... ......... ......... ......... ......... ......... .........
 
 OM15
+       ......... ......... ......... ......... ......... ......... ......... ......... ......... ......... .........
 
 OM22
+        4.93E-01  6.11E-01  7.30E-02 -1.15E-01 -2.92E-03  3.11E-01 -4.22E-01 ......... ......... ......... .........  9.46E-02
 
 OM23
+       ......... ......... ......... ......... ......... ......... ......... ......... ......... ......... ......... .........
         .........
 
 OM24
+       ......... ......... ......... ......... ......... ......... ......... ......... ......... ......... ......... .........
         ......... .........
 
 OM25
+       ......... ......... ......... ......... ......... ......... ......... ......... ......... ......... ......... .........
         ......... ......... .........
 
 OM33
+       -2.64E-01 -2.56E-01 -1.01E-01  1.33E-01  7.07E-02  8.04E-02  7.24E-02 ......... ......... ......... ......... -1.96E-01
         ......... ......... .........  1.10E-02
 
 OM34
+       ......... ......... ......... ......... ......... ......... ......... ......... ......... ......... ......... .........
         ......... ......... ......... ......... .........
 
 OM35
+       ......... ......... ......... ......... ......... ......... ......... ......... ......... ......... ......... .........
         ......... ......... ......... ......... ......... .........
 
 OM44
+       -2.09E-01 -2.02E-01 -2.29E-01  3.55E-01  1.52E-01 -1.76E-01  9.28E-02 ......... ......... ......... ......... -2.11E-01
         ......... ......... .........  1.36E-01 ......... .........  8.36E-02
 
1

            TH 1      TH 2      TH 3      TH 4      TH 5      TH 6      OM11      OM12      OM13      OM14      OM15      OM22  
             OM23      OM24      OM25      OM33      OM34      OM35      OM44      OM45      OM55      SG11  
 
 OM45
+       ......... ......... ......... ......... ......... ......... ......... ......... ......... ......... ......... .........
         ......... ......... ......... ......... ......... ......... ......... .........
 
 OM55
+        2.30E-01  2.80E-01  3.58E-01 -1.83E-01 -5.24E-01  2.57E-01 -3.63E-01 ......... ......... ......... .........  2.49E-01
         ......... ......... ......... -1.49E-01 ......... .........  3.31E-02 .........  6.27E-02
 
 SG11
+       ......... ......... ......... ......... ......... ......... ......... ......... ......... ......... ......... .........
         ......... ......... ......... ......... ......... ......... ......... ......... ......... .........
 
1
 ************************************************************************************************************************
 ********************                                                                                ********************
 ********************               FIRST ORDER CONDITIONAL ESTIMATION WITH INTERACTION              ********************
 ********************                      INVERSE COVARIANCE MATRIX OF ESTIMATE                     ********************
 ********************                                                                                ********************
 ************************************************************************************************************************
 

            TH 1      TH 2      TH 3      TH 4      TH 5      TH 6      OM11      OM12      OM13      OM14      OM15      OM22  
             OM23      OM24      OM25      OM33      OM34      OM35      OM44      OM45      OM55      SG11  
 
 TH 1
+        9.20E+02
 
 TH 2
+       -4.24E+02  2.75E+02
 
 TH 3
+       -1.75E+02  6.30E+01  1.33E+03
 
 TH 4
+       -8.40E+00 -5.97E+00  5.81E+01  4.92E+01
 
 TH 5
+       -1.04E+01  6.59E+01  7.49E+01 -2.55E+01  4.16E+02
 
 TH 6
+       -4.96E+01  6.83E+00  1.26E+03  8.38E+01  1.92E+02  1.62E+05
 
 OM11
+       -1.24E+02  5.65E+01  1.60E+02  6.75E+01 -4.26E+01  4.01E+03  4.00E+03
 
 OM12
+       ......... ......... ......... ......... ......... ......... ......... .........
 
 OM13
+       ......... ......... ......... ......... ......... ......... ......... ......... .........
 
 OM14
+       ......... ......... ......... ......... ......... ......... ......... ......... ......... .........
 
 OM15
+       ......... ......... ......... ......... ......... ......... ......... ......... ......... ......... .........
 
 OM22
+        5.57E+01 -1.04E+02  2.98E+01  1.54E+01 -1.09E+02 -9.38E+02  2.49E+02 ......... ......... ......... .........  2.41E+02
 
 OM23
+       ......... ......... ......... ......... ......... ......... ......... ......... ......... ......... ......... .........
         .........
 
 OM24
+       ......... ......... ......... ......... ......... ......... ......... ......... ......... ......... ......... .........
         ......... .........
 
 OM25
+       ......... ......... ......... ......... ......... ......... ......... ......... ......... ......... ......... .........
         ......... ......... .........
 
 OM33
+        2.47E+02  3.47E+01 -8.00E+01 -5.99E+01  1.39E+02 -7.37E+03  2.17E+01 ......... ......... ......... .........  7.32E+01
         ......... ......... .........  9.58E+03
 
 OM34
+       ......... ......... ......... ......... ......... ......... ......... ......... ......... ......... ......... .........
         ......... ......... ......... ......... .........
 
 OM35
+       ......... ......... ......... ......... ......... ......... ......... ......... ......... ......... ......... .........
         ......... ......... ......... ......... ......... .........
 
 OM44
+        1.91E+01 -2.31E+00  7.48E+01 -2.68E+01 -3.33E+01  8.33E+02 -3.87E+01 ......... ......... ......... .........  2.28E+01
         ......... ......... ......... -1.25E+02 ......... .........  1.91E+02
 
1

            TH 1      TH 2      TH 3      TH 4      TH 5      TH 6      OM11      OM12      OM13      OM14      OM15      OM22  
             OM23      OM24      OM25      OM33      OM34      OM35      OM44      OM45      OM55      SG11  
 
 OM45
+       ......... ......... ......... ......... ......... ......... ......... ......... ......... ......... ......... .........
         ......... ......... ......... ......... ......... ......... ......... .........
 
 OM55
+        3.06E+01 -4.69E+00 -1.84E+02  6.01E+00  1.97E+02 -1.37E+03  2.73E+02 ......... ......... ......... ......... -5.24E+01
         ......... ......... .........  2.82E+02 ......... ......... -8.25E+01 .........  4.69E+02
 
 SG11
+       ......... ......... ......... ......... ......... ......... ......... ......... ......... ......... ......... .........
         ......... ......... ......... ......... ......... ......... ......... ......... ......... .........
 
 Elapsed finaloutput time in seconds:     0.45
1THERE ARE ERROR MESSAGES IN FILE PRDERR                                                                  
 #CPUT: Total CPU Time in Seconds,     3125.945
Stop Time:
Sat Jul 19 00:40:18 CEST 2025
