Fri Jul 18 20:51:46 CEST 2025
$PROB    Infusion_1CPT_VVMKM MULTIPLE DOSE FOCE INTER (120 Ind/4679 Obs) runODE021
$INPUT   ID TIME DV LNDV MDV AMT RATE EVID DOSE VI VMI KMI SD CMT
$DATA    Infusion_1CPTMM.csv IGNORE=@ IGNORE (SD.EQ.1)
$SUBR    ADVAN13 TOL=6
$MODEL   COMP(CENTRAL,DEFOBS)
$PK
         VM=EXP(THETA(1)+ETA(1))
         KM=EXP(THETA(2)+ETA(2))
         V=EXP(THETA(3)+ETA(3))
         S1=V
$DES
         DADT(1)=-VM*(A(1)/V)/(KM+(A(1)/V))
$ERROR
         IPRED = F
         RESCV = THETA(4)
         W     = IPRED*RESCV
         IRES  = DV-IPRED
         IWRES = IRES/W
         Y     = IPRED+W*EPS(1)

$THETA   7         ;log VM
$THETA   5.7       ;log KM
$THETA   4.5       ;log Vc
$THETA   (0,0.3,1) ;RSV
$OMEGA   0.15 0.15 0.15
$SIGMA   1 FIX
$EST     NSIG=2 SIGL=6 PRINT=5 MAX=9999 NOABORT POSTHOC METHOD=COND INTER NOOBT
$COV
$TABLE  ID TIME LNDV MDV AMT EVID DOSE VI VMI KMI V VM KM ETA1 ETA2 ETA3
        IPRED IRES IWRES CWRESI
        ONEHEADER NOPRINT FILE=runODE021.csv
NM-TRAN MESSAGES
  
 WARNINGS AND ERRORS (IF ANY) FOR PROBLEM    1
             
 (WARNING  2) NM-TRAN INFERS THAT THE DATA ARE POPULATION.

License Registered to: Novartis AG
Expiration Date:    14 JAN 2026
Current Date:       18 JUL 2025
Days until program expires : 181
1NONLINEAR MIXED EFFECTS MODEL PROGRAM (NONMEM) VERSION 7.4.3
 ORIGINALLY DEVELOPED BY STUART BEAL, LEWIS SHEINER, AND ALISON BOECKMANN
 CURRENT DEVELOPERS ARE ROBERT BAUER, ICON DEVELOPMENT SOLUTIONS,
 AND ALISON BOECKMANN. IMPLEMENTATION, EFFICIENCY, AND STANDARDIZATION
 PERFORMED BY NOUS INFOSYSTEMS.

 PROBLEM NO.:         1
 Infusion_1CPT_VVMKM MULTIPLE DOSE FOCE INTER (120 Ind/4679 Obs) runODE02
0DATA CHECKOUT RUN:              NO
 DATA SET LOCATED ON UNIT NO.:    2
 THIS UNIT TO BE REWOUND:        NO
 NO. OF DATA RECS IN DATA SET:     5520
 NO. OF DATA ITEMS IN DATA SET:  14
 ID DATA ITEM IS DATA ITEM NO.:   1
 DEP VARIABLE IS DATA ITEM NO.:   3
 MDV DATA ITEM IS DATA ITEM NO.:  5
0INDICES PASSED TO SUBROUTINE PRED:
   8   2   6   7   0   0  14   0   0   0   0
0LABELS FOR DATA ITEMS:
 ID TIME DV LNDV MDV AMT RATE EVID DOSE VI VMI KMI SD CMT
0(NONBLANK) LABELS FOR PRED-DEFINED ITEMS:
 VM KM V IPRED IRES IWRES
0FORMAT FOR DATA:
 (E4.0,3E7.0,E2.0,2E7.0,E2.0,E7.0,E6.0,E7.0,E6.0,2E2.0)

 TOT. NO. OF OBS RECS:     4679
 TOT. NO. OF INDIVIDUALS:      120
0LENGTH OF THETA:   4
0DEFAULT THETA BOUNDARY TEST OMITTED:    NO
0OMEGA HAS SIMPLE DIAGONAL FORM WITH DIMENSION:   3
0DEFAULT OMEGA BOUNDARY TEST OMITTED:   YES
0SIGMA HAS SIMPLE DIAGONAL FORM WITH DIMENSION:   1
0DEFAULT SIGMA BOUNDARY TEST OMITTED:    NO
0INITIAL ESTIMATE OF THETA:
 LOWER BOUND    INITIAL EST    UPPER BOUND
 -0.1000E+07     0.7000E+01     0.1000E+07
 -0.1000E+07     0.5700E+01     0.1000E+07
 -0.1000E+07     0.4500E+01     0.1000E+07
  0.0000E+00     0.3000E+00     0.1000E+01
0INITIAL ESTIMATE OF OMEGA:
 0.1500E+00
 0.0000E+00   0.1500E+00
 0.0000E+00   0.0000E+00   0.1500E+00
0INITIAL ESTIMATE OF SIGMA:
 0.1000E+01
0SIGMA CONSTRAINED TO BE THIS INITIAL ESTIMATE
0COVARIANCE STEP OMITTED:        NO
 EIGENVLS. PRINTED:              NO
 SPECIAL COMPUTATION:            NO
 COMPRESSED FORMAT:              NO
 GRADIENT METHOD USED:     NOSLOW
 SIGDIGITS ETAHAT (SIGLO):                  -1
 SIGDIGITS GRADIENTS (SIGL):                -1
 EXCLUDE COV FOR FOCE (NOFCOV):              NO
 TURN OFF Cholesky Transposition of R Matrix (CHOLROFF): NO
 KNUTHSUMOFF:                                -1
 RESUME COV ANALYSIS (RESUME):               NO
 SIR SAMPLE SIZE (SIRSAMPLE):              -1
 NON-LINEARLY TRANSFORM THETAS DURING COV (THBND): 1
 PRECONDTIONING CYCLES (PRECOND):        0
 PRECONDTIONING TYPES (PRECONDS):        TOS
 FORCED PRECONDTIONING CYCLES (PFCOND):0
 PRECONDTIONING TYPE (PRETYPE):        0
 FORCED POS. DEFINITE SETTING: (FPOSDEF):0
0TABLES STEP OMITTED:    NO
 NO. OF TABLES:           1
 SEED NUMBER (SEED):    11456
 RANMETHOD:             3U
 MC SAMPLES (ESAMPLE):    300
 WRES SQUARE ROOT TYPE (WRESCHOL): EIGENVALUE
0-- TABLE   1 --
0RECORDS ONLY:    ALL
04 COLUMNS APPENDED:    YES
 PRINTED:                NO
 HEADERS:               ONE
 FILE TO BE FORWARDED:   NO
 FORMAT:                S1PE11.4
 LFORMAT:
 RFORMAT:
 FIXED_EFFECT_ETAS:
0USER-CHOSEN ITEMS:
 ID TIME LNDV MDV AMT EVID DOSE VI VMI KMI V VM KM ETA1 ETA2 ETA3 IPRED IRES IWRES CWRESI
1DOUBLE PRECISION PREDPP VERSION 7.4.3

 GENERAL NONLINEAR KINETICS MODEL WITH STIFF/NONSTIFF EQUATIONS (LSODA, ADVAN13)
0MODEL SUBROUTINE USER-SUPPLIED - ID NO. 9999
0MAXIMUM NO. OF BASIC PK PARAMETERS:   3
0COMPARTMENT ATTRIBUTES
 COMPT. NO.   FUNCTION   INITIAL    ON/OFF      DOSE      DEFAULT    DEFAULT
                         STATUS     ALLOWED    ALLOWED    FOR DOSE   FOR OBS.
    1         CENTRAL      ON         YES        YES        YES        YES
    2         OUTPUT       OFF        YES        NO         NO         NO
 INITIAL (BASE) TOLERANCE SETTINGS:
 NRD (RELATIVE) VALUE(S) OF TOLERANCE:   6
 ANRD (ABSOLUTE) VALUE(S) OF TOLERANCE:  12
1
 ADDITIONAL PK PARAMETERS - ASSIGNMENT OF ROWS IN GG
 COMPT. NO.                             INDICES
              SCALE      BIOAVAIL.   ZERO-ORDER  ZERO-ORDER  ABSORB
                         FRACTION    RATE        DURATION    LAG
    1            4           *           *           *           *
    2            *           -           -           -           -
             - PARAMETER IS NOT ALLOWED FOR THIS MODEL
             * PARAMETER IS NOT SUPPLIED BY PK SUBROUTINE;
               WILL DEFAULT TO ONE IF APPLICABLE
0DATA ITEM INDICES USED BY PRED ARE:
   EVENT ID DATA ITEM IS DATA ITEM NO.:      8
   TIME DATA ITEM IS DATA ITEM NO.:          2
   DOSE AMOUNT DATA ITEM IS DATA ITEM NO.:   6
   DOSE RATE DATA ITEM IS DATA ITEM NO.:     7
   COMPT. NO. DATA ITEM IS DATA ITEM NO.:   14

0PK SUBROUTINE CALLED WITH EVERY EVENT RECORD.
 PK SUBROUTINE NOT CALLED AT NONEVENT (ADDITIONAL OR LAGGED) DOSE TIMES.
0ERROR SUBROUTINE CALLED WITH EVERY EVENT RECORD.
0DES SUBROUTINE USES COMPACT STORAGE MODE.
1
 
 
 #TBLN:      1
 #METH: First Order Conditional Estimation with Interaction
 
 ESTIMATION STEP OMITTED:                 NO
 ANALYSIS TYPE:                           POPULATION
 NUMBER OF SADDLE POINT RESET ITERATIONS:      0
 GRADIENT METHOD USED:               NOSLOW
 CONDITIONAL ESTIMATES USED:              YES
 CENTERED ETA:                            NO
 EPS-ETA INTERACTION:                     YES
 LAPLACIAN OBJ. FUNC.:                    NO
 NO. OF FUNCT. EVALS. ALLOWED:            9999
 NO. OF SIG. FIGURES REQUIRED:            2
 INTERMEDIATE PRINTOUT:                   YES
 ESTIMATE OUTPUT TO MSF:                  NO
 ABORT WITH PRED EXIT CODE 1:             NO
 IND. OBJ. FUNC. VALUES SORTED:           NO
 NUMERICAL DERIVATIVE
       FILE REQUEST (NUMDER):               NONE
 MAP (ETAHAT) ESTIMATION METHOD (OPTMAP):   0
 ETA HESSIAN EVALUATION METHOD (ETADER):    0
 INITIAL ETA FOR MAP ESTIMATION (MCETA):    0
 SIGDIGITS FOR MAP ESTIMATION (SIGLO):      6
 GRADIENT SIGDIGITS OF
       FIXED EFFECTS PARAMETERS (SIGL):     6
 NOPRIOR SETTING (NOPRIOR):                 OFF
 NOCOV SETTING (NOCOV):                     OFF
 DERCONT SETTING (DERCONT):                 OFF
 FINAL ETA RE-EVALUATION (FNLETA):          ON
 EXCLUDE NON-INFLUENTIAL (NON-INFL.) ETAS
       IN SHRINKAGE (ETASTYPE):             NO
 NON-INFL. ETA CORRECTION (NONINFETA):      OFF
 RAW OUTPUT FILE (FILE): runODE021.ext
 EXCLUDE TITLE (NOTITLE):                   NO
 EXCLUDE COLUMN LABELS (NOLABEL):           NO
 FORMAT FOR ADDITIONAL FILES (FORMAT):      S1PE12.5
 PARAMETER ORDER FOR OUTPUTS (ORDER):       TSOL
 WISHART PRIOR DF INTERPRETATION (WISHTYPE):0
 KNUTHSUMOFF:                               0
 INCLUDE LNTWOPI:                           NO
 INCLUDE CONSTANT TERM TO PRIOR (PRIORC):   NO
 INCLUDE CONSTANT TERM TO OMEGA (ETA) (OLNTWOPI):NO
 ADDITIONAL CONVERGENCE TEST (CTYPE=4)?:    NO
 EM OR BAYESIAN METHOD USED:                 NONE

 TOLERANCES FOR ESTIMATION/EVALUATION STEP:
 NRD (RELATIVE) VALUE(S) OF TOLERANCE:   6
 ANRD (ABSOLUTE) VALUE(S) OF TOLERANCE:  12
 TOLERANCES FOR COVARIANCE STEP:
 NRD (RELATIVE) VALUE(S) OF TOLERANCE:   6
 ANRD (ABSOLUTE) VALUE(S) OF TOLERANCE:  12
 TOLERANCES FOR TABLE/SCATTER STEP:
 NRD (RELATIVE) VALUE(S) OF TOLERANCE:   6
 ANRD (ABSOLUTE) VALUE(S) OF TOLERANCE:  12
 
 THE FOLLOWING LABELS ARE EQUIVALENT
 PRED=PREDI
 RES=RESI
 WRES=WRESI
 IWRS=IWRESI
 IPRD=IPREDI
 IRS=IRESI
 
 MONITORING OF SEARCH:

 
0ITERATION NO.:    0    OBJECTIVE VALUE:   58805.1394912111        NO. OF FUNC. EVALS.:   6
 CUMULATIVE NO. OF FUNC. EVALS.:        6
 NPARAMETR:  7.0000E+00  5.7000E+00  4.5000E+00  3.0000E-01  1.5000E-01  1.5000E-01  1.5000E-01
 PARAMETER:  1.0000E-01  1.0000E-01  1.0000E-01  1.0000E-01  1.0000E-01  1.0000E-01  1.0000E-01
 GRADIENT:   7.0885E+04  1.1937E+04  2.9570E+04  2.7736E+03  7.5190E+01  2.3090E+00 -7.4528E+00
 
0ITERATION NO.:    5    OBJECTIVE VALUE:   58038.7101762384        NO. OF FUNC. EVALS.:  82
 CUMULATIVE NO. OF FUNC. EVALS.:       88             RESET HESSIAN, TYPE I
 NPARAMETR:  6.9140E+00  5.6033E+00  4.3184E+00  1.9053E-01  1.2747E-01  1.4980E-01  1.4136E-01
 PARAMETER:  9.8771E-02  9.8304E-02  9.5964E-02 -4.9929E-01  1.8616E-02  9.9319E-02  7.0335E-02
 GRADIENT:   1.6802E+05  2.5520E+04  3.5118E+04 -1.4777E+03  5.9784E+01 -1.2394E+01  6.1268E+01
 
0ITERATION NO.:   10    OBJECTIVE VALUE:   57917.4336032191        NO. OF FUNC. EVALS.:  78
 CUMULATIVE NO. OF FUNC. EVALS.:      166
 NPARAMETR:  6.9391E+00  5.7208E+00  4.1566E+00  2.1119E-01  9.4050E-02  1.5016E-01  1.1871E-01
 PARAMETER:  9.9130E-02  1.0036E-01  9.2368E-02 -3.7047E-01 -1.3340E-01  1.0054E-01 -1.6961E-02
 GRADIENT:   1.0973E+06 -6.7704E+04 -1.4833E+04  5.8673E+01  3.2557E+01 -1.0367E+01  6.5834E+01
 
0ITERATION NO.:   15    OBJECTIVE VALUE:   57896.5456462820        NO. OF FUNC. EVALS.:  96
 CUMULATIVE NO. OF FUNC. EVALS.:      262
 NPARAMETR:  7.0257E+00  5.8843E+00  4.1758E+00  2.1023E-01  6.0689E-02  2.0197E-01  8.2762E-02
 PARAMETER:  1.0037E-01  1.0323E-01  9.2795E-02 -3.7624E-01 -3.5244E-01  2.4875E-01 -1.9733E-01
 GRADIENT:   1.1324E+06 -7.1917E+04 -1.3075E+04  1.3199E+01  1.7746E+00 -1.7989E+01 -3.2075E+00
 
0ITERATION NO.:   20    OBJECTIVE VALUE:   57890.5564738825        NO. OF FUNC. EVALS.:  95
 CUMULATIVE NO. OF FUNC. EVALS.:      357
 NPARAMETR:  7.0850E+00  5.9556E+00  4.1795E+00  2.0977E-01  5.6233E-02  3.6453E-01  8.4510E-02
 PARAMETER:  1.0121E-01  1.0448E-01  9.2877E-02 -3.7904E-01 -3.9057E-01  5.4399E-01 -1.8688E-01
 GRADIENT:   1.2840E+06 -7.7210E+04 -1.3022E+04  5.7629E+00  4.0278E+00 -7.4921E-01 -8.2887E-01
 
0ITERATION NO.:   25    OBJECTIVE VALUE:   57887.8757091444        NO. OF FUNC. EVALS.:  90
 CUMULATIVE NO. OF FUNC. EVALS.:      447
 NPARAMETR:  7.1061E+00  6.1247E+00  4.1849E+00  2.0945E-01  5.1742E-02  4.5572E-01  8.5190E-02
 PARAMETER:  1.0152E-01  1.0745E-01  9.2997E-02 -3.8095E-01 -4.3218E-01  6.5562E-01 -1.8288E-01
 GRADIENT:   1.2941E+06 -8.0882E+04 -1.3059E+04  3.6801E+00  2.4374E+00 -6.6339E+00 -8.1202E-01
 
0ITERATION NO.:   30    OBJECTIVE VALUE:   57886.3905367717        NO. OF FUNC. EVALS.:  96
 CUMULATIVE NO. OF FUNC. EVALS.:      543
 NPARAMETR:  7.1375E+00  6.1791E+00  4.1841E+00  2.0926E-01  4.8417E-02  5.7063E-01  8.5660E-02
 PARAMETER:  1.0196E-01  1.0840E-01  9.2980E-02 -3.8207E-01 -4.6539E-01  7.6805E-01 -1.8013E-01
 GRADIENT:   1.3412E+06 -8.3205E+04 -1.3319E+04  2.9644E+00  2.3903E+00 -6.0871E-01 -4.6526E-01
 
0ITERATION NO.:   35    OBJECTIVE VALUE:   57885.4599649433        NO. OF FUNC. EVALS.:  93
 CUMULATIVE NO. OF FUNC. EVALS.:      636
 NPARAMETR:  7.1476E+00  6.3023E+00  4.1861E+00  2.0910E-01  4.5056E-02  6.3444E-01  8.6047E-02
 PARAMETER:  1.0211E-01  1.1057E-01  9.3025E-02 -3.8304E-01 -5.0137E-01  8.2105E-01 -1.7787E-01
 GRADIENT:   1.3413E+06 -8.5940E+04 -1.3619E+04  3.2394E+00  5.2598E-01 -5.2752E+00 -1.5881E-01
 
0ITERATION NO.:   40    OBJECTIVE VALUE:   57884.8231803935        NO. OF FUNC. EVALS.: 104
 CUMULATIVE NO. OF FUNC. EVALS.:      740             RESET HESSIAN, TYPE I
 NPARAMETR:  7.1762E+00  6.3461E+00  4.1861E+00  2.0893E-01  4.2776E-02  7.0778E-01  8.6077E-02
 PARAMETER:  1.0252E-01  1.1133E-01  9.3024E-02 -3.8409E-01 -5.2733E-01  8.7575E-01 -1.7770E-01
 GRADIENT:   1.4289E+05  2.6501E+04  1.9004E+04  1.4759E-01  5.5280E-01 -1.9865E+00 -5.4984E-01
 
0ITERATION NO.:   45    OBJECTIVE VALUE:   57884.7494801740        NO. OF FUNC. EVALS.:  90
 CUMULATIVE NO. OF FUNC. EVALS.:      830
 NPARAMETR:  7.1770E+00  6.3610E+00  4.1872E+00  2.0895E-01  4.2395E-02  7.4095E-01  8.6284E-02
 PARAMETER:  1.0253E-01  1.1160E-01  9.3049E-02 -3.8397E-01 -5.3180E-01  8.9865E-01 -1.7650E-01
 GRADIENT:   1.3640E+06 -8.7848E+04 -1.3575E+04  1.4628E+00  2.6873E-01 -1.4246E-01  6.5392E-02
 
0ITERATION NO.:   47    OBJECTIVE VALUE:   57884.7391346078        NO. OF FUNC. EVALS.:  38
 CUMULATIVE NO. OF FUNC. EVALS.:      868
 NPARAMETR:  7.1753E+00  6.3679E+00  4.1875E+00  2.0895E-01  4.2396E-02  7.4092E-01  8.6283E-02
 PARAMETER:  1.0250E-01  1.1172E-01  9.3055E-02 -3.8397E-01 -5.3179E-01  8.9863E-01 -1.7650E-01
 GRADIENT:  -4.1420E+02 -7.4438E+01 -3.4796E+01  1.8449E+00  2.5805E-01 -5.9510E-01  3.9904E-02
 
 #TERM:
0MINIMIZATION SUCCESSFUL
 HOWEVER, PROBLEMS OCCURRED WITH THE MINIMIZATION.
 REGARD THE RESULTS OF THE ESTIMATION STEP CAREFULLY, AND ACCEPT THEM ONLY
 AFTER CHECKING THAT THE COVARIANCE STEP PRODUCES REASONABLE OUTPUT.
 NO. OF FUNCTION EVALUATIONS USED:      868
 NO. OF SIG. DIGITS IN FINAL EST.:  2.3

 ETABAR IS THE ARITHMETIC MEAN OF THE ETA-ESTIMATES,
 AND THE P-VALUE IS GIVEN FOR THE NULL HYPOTHESIS THAT THE TRUE MEAN IS 0.
 
 ETABAR:         7.2302E-03 -1.7000E-02 -8.8788E-03
 SE:             1.1403E-02  5.7377E-02  2.5605E-02
 N:                     120         120         120
 
 P VAL.:         5.2605E-01  7.6702E-01  7.2877E-01
 
 ETASHRINKSD(%)  3.9077E+01  2.6674E+01  4.1118E+00
 ETASHRINKVR(%)  6.2884E+01  4.6233E+01  8.0545E+00
 EBVSHRINKSD(%)  4.1234E+01  2.7904E+01  4.0897E+00
 EBVSHRINKVR(%)  6.5465E+01  4.8022E+01  8.0121E+00
 EPSSHRINKSD(%)  2.1667E+00
 EPSSHRINKVR(%)  4.2865E+00
 
  
 TOTAL DATA POINTS NORMALLY DISTRIBUTED (N):         4679
 N*LOG(2PI) CONSTANT TO OBJECTIVE FUNCTION:    8599.42679372933     
 OBJECTIVE FUNCTION VALUE WITHOUT CONSTANT:    57884.7391346078     
 OBJECTIVE FUNCTION VALUE WITH CONSTANT:       66484.1659283371     
 REPORTED OBJECTIVE FUNCTION DOES NOT CONTAIN CONSTANT
  
 TOTAL EFFECTIVE ETAS (NIND*NETA):                           360
  
 #TERE:
 Elapsed estimation  time in seconds:   326.24
 Elapsed covariance  time in seconds:    28.41
 Elapsed postprocess time in seconds:     0.68
1
 
 
 
 
 
 
 
 
 
 
 
 
 
 
 
 
 
 
 
 
 ************************************************************************************************************************
 ********************                                                                                ********************
 ********************               FIRST ORDER CONDITIONAL ESTIMATION WITH INTERACTION              ********************
 #OBJT:**************                       MINIMUM VALUE OF OBJECTIVE FUNCTION                      ********************
 ********************                                                                                ********************
 ************************************************************************************************************************
 





 #OBJV:********************************************    57884.739       **************************************************
1
 ************************************************************************************************************************
 ********************                                                                                ********************
 ********************               FIRST ORDER CONDITIONAL ESTIMATION WITH INTERACTION              ********************
 ********************                             FINAL PARAMETER ESTIMATE                           ********************
 ********************                                                                                ********************
 ************************************************************************************************************************
 


 THETA - VECTOR OF FIXED EFFECTS PARAMETERS   *********


         TH 1      TH 2      TH 3      TH 4     
 
         7.18E+00  6.37E+00  4.19E+00  2.09E-01
 


 OMEGA - COV MATRIX FOR RANDOM EFFECTS - ETAS  ********


         ETA1      ETA2      ETA3     
 
 ETA1
+        4.24E-02
 
 ETA2
+        0.00E+00  7.41E-01
 
 ETA3
+        0.00E+00  0.00E+00  8.63E-02
 


 SIGMA - COV MATRIX FOR RANDOM EFFECTS - EPSILONS  ****


         EPS1     
 
 EPS1
+        1.00E+00
 
1


 OMEGA - CORR MATRIX FOR RANDOM EFFECTS - ETAS  *******


         ETA1      ETA2      ETA3     
 
 ETA1
+        2.06E-01
 
 ETA2
+        0.00E+00  8.61E-01
 
 ETA3
+        0.00E+00  0.00E+00  2.94E-01
 


 SIGMA - CORR MATRIX FOR RANDOM EFFECTS - EPSILONS  ***


         EPS1     
 
 EPS1
+        1.00E+00
 
1
 ************************************************************************************************************************
 ********************                                                                                ********************
 ********************               FIRST ORDER CONDITIONAL ESTIMATION WITH INTERACTION              ********************
 ********************                            STANDARD ERROR OF ESTIMATE                          ********************
 ********************                                                                                ********************
 ************************************************************************************************************************
 


 THETA - VECTOR OF FIXED EFFECTS PARAMETERS   *********


         TH 1      TH 2      TH 3      TH 4     
 
         8.58E-02  3.36E-01  2.80E-02  2.93E-03
 


 OMEGA - COV MATRIX FOR RANDOM EFFECTS - ETAS  ********


         ETA1      ETA2      ETA3     
 
 ETA1
+        1.73E-02
 
 ETA2
+       .........  3.64E-01
 
 ETA3
+       ......... .........  1.17E-02
 


 SIGMA - COV MATRIX FOR RANDOM EFFECTS - EPSILONS  ****


         EPS1     
 
 EPS1
+       .........
 
1


 OMEGA - CORR MATRIX FOR RANDOM EFFECTS - ETAS  *******


         ETA1      ETA2      ETA3     
 
 ETA1
+        4.19E-02
 
 ETA2
+       .........  2.12E-01
 
 ETA3
+       ......... .........  2.00E-02
 


 SIGMA - CORR MATRIX FOR RANDOM EFFECTS - EPSILONS  ***


         EPS1     
 
 EPS1
+       .........
 
1
 ************************************************************************************************************************
 ********************                                                                                ********************
 ********************               FIRST ORDER CONDITIONAL ESTIMATION WITH INTERACTION              ********************
 ********************                          COVARIANCE MATRIX OF ESTIMATE                         ********************
 ********************                                                                                ********************
 ************************************************************************************************************************
 

            TH 1      TH 2      TH 3      TH 4      OM11      OM12      OM13      OM22      OM23      OM33      SG11  
 
 TH 1
+        7.36E-03
 
 TH 2
+        2.63E-02  1.13E-01
 
 TH 3
+        4.96E-04  2.07E-03  7.84E-04
 
 TH 4
+       -1.98E-05 -7.89E-05 -7.05E-06  8.58E-06
 
 OM11
+       -8.61E-04 -2.90E-03 -3.85E-05 -3.61E-06  2.98E-04
 
 OM12
+       ......... ......... ......... ......... ......... .........
 
 OM13
+       ......... ......... ......... ......... ......... ......... .........
 
 OM22
+        2.48E-02  1.12E-01  1.93E-03 -9.50E-05 -1.94E-03 ......... .........  1.33E-01
 
 OM23
+       ......... ......... ......... ......... ......... ......... ......... ......... .........
 
 OM33
+        1.10E-04  3.30E-04  2.23E-05  6.99E-07 -3.42E-05 ......... .........  5.96E-05 .........  1.38E-04
 
 SG11
+       ......... ......... ......... ......... ......... ......... ......... ......... ......... ......... .........
 
1
 ************************************************************************************************************************
 ********************                                                                                ********************
 ********************               FIRST ORDER CONDITIONAL ESTIMATION WITH INTERACTION              ********************
 ********************                          CORRELATION MATRIX OF ESTIMATE                        ********************
 ********************                                                                                ********************
 ************************************************************************************************************************
 

            TH 1      TH 2      TH 3      TH 4      OM11      OM12      OM13      OM22      OM23      OM33      SG11  
 
 TH 1
+        8.58E-02
 
 TH 2
+        9.13E-01  3.36E-01
 
 TH 3
+        2.06E-01  2.20E-01  2.80E-02
 
 TH 4
+       -7.87E-02 -8.02E-02 -8.59E-02  2.93E-03
 
 OM11
+       -5.81E-01 -5.01E-01 -7.98E-02 -7.15E-02  1.73E-02
 
 OM12
+       ......... ......... ......... ......... ......... .........
 
 OM13
+       ......... ......... ......... ......... ......... ......... .........
 
 OM22
+        7.92E-01  9.18E-01  1.89E-01 -8.91E-02 -3.09E-01 ......... .........  3.64E-01
 
 OM23
+       ......... ......... ......... ......... ......... ......... ......... ......... .........
 
 OM33
+        1.09E-01  8.37E-02  6.77E-02  2.03E-02 -1.69E-01 ......... .........  1.39E-02 .........  1.17E-02
 
 SG11
+       ......... ......... ......... ......... ......... ......... ......... ......... ......... ......... .........
 
1
 ************************************************************************************************************************
 ********************                                                                                ********************
 ********************               FIRST ORDER CONDITIONAL ESTIMATION WITH INTERACTION              ********************
 ********************                      INVERSE COVARIANCE MATRIX OF ESTIMATE                     ********************
 ********************                                                                                ********************
 ************************************************************************************************************************
 

            TH 1      TH 2      TH 3      TH 4      OM11      OM12      OM13      OM22      OM23      OM33      SG11  
 
 TH 1
+        9.59E+02
 
 TH 2
+       -2.44E+02  1.49E+02
 
 TH 3
+       -1.81E+01 -3.65E+01  1.35E+03
 
 TH 4
+        6.44E+02  3.54E+01  8.27E+02  1.20E+05
 
 OM11
+        6.41E+02  2.38E+02 -1.57E+02  3.57E+03  6.15E+03
 
 OM12
+       ......... ......... ......... ......... ......... .........
 
 OM13
+       ......... ......... ......... ......... ......... ......... .........
 
 OM22
+        3.78E+01 -7.70E+01  1.29E+01 -2.35E+01 -2.27E+02 ......... .........  6.21E+01
 
 OM23
+       ......... ......... ......... ......... ......... ......... ......... ......... .........
 
 OM33
+       -3.83E+01 -6.52E+01 -1.66E+02 -4.46E+02  5.47E+02 ......... .........  6.90E+01 .........  7.57E+03
 
 SG11
+       ......... ......... ......... ......... ......... ......... ......... ......... ......... ......... .........
 
 Elapsed finaloutput time in seconds:     0.42
 #CPUT: Total CPU Time in Seconds,      343.657
Stop Time:
Fri Jul 18 20:57:59 CEST 2025
