Sat Jul 19 15:33:25 CEST 2025
$PROB    ORAL1_2CPT_KACLV1QV2 SINGLE DOSE FOCEI (120 Ind/2280 Obs) runN060
$INPUT   ID TIME DV LNDV MDV AMT EVID DOSE V1I CLI QI V2I KAI SSX IIX SD CMT
$DATA    ORAL_2CPT.csv IGNORE=@ IGNORE (SD.EQ.0)
$SUBR    ADVAN4,TRANS4
$PK
         CL=EXP(THETA(1)+ETA(1))
         V=EXP(THETA(2)+ETA(2))
         Q=EXP(THETA(3)+ETA(3))
         V3=EXP(THETA(4)+ETA(4))
         KA=EXP(THETA(5)+ETA(5))
         V2=V
         S2=V
$ERROR   
         IPRED = F     
         RESCV = THETA(6) 
         W     = IPRED*RESCV
         IRES  = DV-IPRED
         IWRES = IRES/W
         Y     = IPRED+W*EPS(1)
$THETA   1.6       ;log Cl
$THETA   4.5       ;log Vc
$THETA   1.6       ;log Q
$THETA   4         ;log Vp
$THETA   0.2       ;log KA
$THETA   (0,0.3,1) ;RSV
$OMEGA   0.15 0.15 0.15 0.15 0.15
$SIGMA   1 FIX
$EST     NSIG=3 PRINT=5 MAX=9999 NOABORT POSTHOC METHOD=COND INTER NOOBT
$COV
$TABLE  ID TIME LNDV MDV AMT EVID DOSE V1I CLI CL V Q V3 KA ETA1 ETA2 ETA3 ETA4 ETA5
        IPRED IRES IWRES CWRESI
        ONEHEADER NOPRINT FILE=runN060.csv
NM-TRAN MESSAGES
  
 WARNINGS AND ERRORS (IF ANY) FOR PROBLEM    1
             
 (WARNING  2) NM-TRAN INFERS THAT THE DATA ARE POPULATION.

License Registered to: Novartis AG
Expiration Date:    14 JAN 2026
Current Date:       19 JUL 2025
Days until program expires : 180
1NONLINEAR MIXED EFFECTS MODEL PROGRAM (NONMEM) VERSION 7.4.3
 ORIGINALLY DEVELOPED BY STUART BEAL, LEWIS SHEINER, AND ALISON BOECKMANN
 CURRENT DEVELOPERS ARE ROBERT BAUER, ICON DEVELOPMENT SOLUTIONS,
 AND ALISON BOECKMANN. IMPLEMENTATION, EFFICIENCY, AND STANDARDIZATION
 PERFORMED BY NOUS INFOSYSTEMS.

 PROBLEM NO.:         1
 ORAL1_2CPT_KACLV1QV2 SINGLE DOSE FOCEI (120 Ind/2280 Obs) runN060
0DATA CHECKOUT RUN:              NO
 DATA SET LOCATED ON UNIT NO.:    2
 THIS UNIT TO BE REWOUND:        NO
 NO. OF DATA RECS IN DATA SET:     2400
 NO. OF DATA ITEMS IN DATA SET:  17
 ID DATA ITEM IS DATA ITEM NO.:   1
 DEP VARIABLE IS DATA ITEM NO.:   3
 MDV DATA ITEM IS DATA ITEM NO.:  5
0INDICES PASSED TO SUBROUTINE PRED:
   7   2   6   0   0   0  17   0   0   0   0
0LABELS FOR DATA ITEMS:
 ID TIME DV LNDV MDV AMT EVID DOSE V1I CLI QI V2I KAI SSX IIX SD CMT
0(NONBLANK) LABELS FOR PRED-DEFINED ITEMS:
 CL V Q V3 KA IPRED IRES IWRES
0FORMAT FOR DATA:
 (E3.0,3E6.0,E1.0,E6.0,E1.0,E6.0,2E5.0,E4.0,2E5.0,2E2.0,2E1.0)

 TOT. NO. OF OBS RECS:     2280
 TOT. NO. OF INDIVIDUALS:      120
0LENGTH OF THETA:   6
0DEFAULT THETA BOUNDARY TEST OMITTED:    NO
0OMEGA HAS SIMPLE DIAGONAL FORM WITH DIMENSION:   5
0DEFAULT OMEGA BOUNDARY TEST OMITTED:   YES
0SIGMA HAS SIMPLE DIAGONAL FORM WITH DIMENSION:   1
0DEFAULT SIGMA BOUNDARY TEST OMITTED:    NO
0INITIAL ESTIMATE OF THETA:
 LOWER BOUND    INITIAL EST    UPPER BOUND
 -0.1000E+07     0.1600E+01     0.1000E+07
 -0.1000E+07     0.4500E+01     0.1000E+07
 -0.1000E+07     0.1600E+01     0.1000E+07
 -0.1000E+07     0.4000E+01     0.1000E+07
 -0.1000E+07     0.2000E+00     0.1000E+07
  0.0000E+00     0.3000E+00     0.1000E+01
0INITIAL ESTIMATE OF OMEGA:
 0.1500E+00
 0.0000E+00   0.1500E+00
 0.0000E+00   0.0000E+00   0.1500E+00
 0.0000E+00   0.0000E+00   0.0000E+00   0.1500E+00
 0.0000E+00   0.0000E+00   0.0000E+00   0.0000E+00   0.1500E+00
0INITIAL ESTIMATE OF SIGMA:
 0.1000E+01
0SIGMA CONSTRAINED TO BE THIS INITIAL ESTIMATE
0COVARIANCE STEP OMITTED:        NO
 EIGENVLS. PRINTED:              NO
 SPECIAL COMPUTATION:            NO
 COMPRESSED FORMAT:              NO
 GRADIENT METHOD USED:     NOSLOW
 SIGDIGITS ETAHAT (SIGLO):                  -1
 SIGDIGITS GRADIENTS (SIGL):                -1
 EXCLUDE COV FOR FOCE (NOFCOV):              NO
 TURN OFF Cholesky Transposition of R Matrix (CHOLROFF): NO
 KNUTHSUMOFF:                                -1
 RESUME COV ANALYSIS (RESUME):               NO
 SIR SAMPLE SIZE (SIRSAMPLE):              -1
 NON-LINEARLY TRANSFORM THETAS DURING COV (THBND): 1
 PRECONDTIONING CYCLES (PRECOND):        0
 PRECONDTIONING TYPES (PRECONDS):        TOS
 FORCED PRECONDTIONING CYCLES (PFCOND):0
 PRECONDTIONING TYPE (PRETYPE):        0
 FORCED POS. DEFINITE SETTING: (FPOSDEF):0
0TABLES STEP OMITTED:    NO
 NO. OF TABLES:           1
 SEED NUMBER (SEED):    11456
 RANMETHOD:             3U
 MC SAMPLES (ESAMPLE):    300
 WRES SQUARE ROOT TYPE (WRESCHOL): EIGENVALUE
0-- TABLE   1 --
0RECORDS ONLY:    ALL
04 COLUMNS APPENDED:    YES
 PRINTED:                NO
 HEADERS:               ONE
 FILE TO BE FORWARDED:   NO
 FORMAT:                S1PE11.4
 LFORMAT:
 RFORMAT:
 FIXED_EFFECT_ETAS:
0USER-CHOSEN ITEMS:
 ID TIME LNDV MDV AMT EVID DOSE V1I CLI CL V Q V3 KA ETA1 ETA2 ETA3 ETA4 ETA5 IPRED IRES IWRES CWRESI
1DOUBLE PRECISION PREDPP VERSION 7.4.3

 TWO COMPARTMENT MODEL WITH FIRST-ORDER ABSORPTION (ADVAN4)
0MAXIMUM NO. OF BASIC PK PARAMETERS:   5
0BASIC PK PARAMETERS (AFTER TRANSLATION):
   BASIC PK PARAMETER NO.  1: ELIMINATION RATE (K)
   BASIC PK PARAMETER NO.  2: CENTRAL-TO-PERIPH. RATE (K23)
   BASIC PK PARAMETER NO.  3: PERIPH.-TO-CENTRAL RATE (K32)
   BASIC PK PARAMETER NO.  5: ABSORPTION RATE (KA)
 TRANSLATOR WILL CONVERT PARAMETERS
 CL, V2, Q, V3 TO K, K23, K32 (TRANS4)
0COMPARTMENT ATTRIBUTES
 COMPT. NO.   FUNCTION   INITIAL    ON/OFF      DOSE      DEFAULT    DEFAULT
                         STATUS     ALLOWED    ALLOWED    FOR DOSE   FOR OBS.
    1         DEPOT        OFF        YES        YES        YES        NO
    2         CENTRAL      ON         NO         YES        NO         YES
    3         PERIPH.      ON         NO         YES        NO         NO
    4         OUTPUT       OFF        YES        NO         NO         NO
1
 ADDITIONAL PK PARAMETERS - ASSIGNMENT OF ROWS IN GG
 COMPT. NO.                             INDICES
              SCALE      BIOAVAIL.   ZERO-ORDER  ZERO-ORDER  ABSORB
                         FRACTION    RATE        DURATION    LAG
    1            *           *           *           *           *
    2            6           *           *           *           *
    3            *           *           *           *           *
    4            *           -           -           -           -
             - PARAMETER IS NOT ALLOWED FOR THIS MODEL
             * PARAMETER IS NOT SUPPLIED BY PK SUBROUTINE;
               WILL DEFAULT TO ONE IF APPLICABLE
0DATA ITEM INDICES USED BY PRED ARE:
   EVENT ID DATA ITEM IS DATA ITEM NO.:      7
   TIME DATA ITEM IS DATA ITEM NO.:          2
   DOSE AMOUNT DATA ITEM IS DATA ITEM NO.:   6
   COMPT. NO. DATA ITEM IS DATA ITEM NO.:   17

0PK SUBROUTINE CALLED WITH EVERY EVENT RECORD.
 PK SUBROUTINE NOT CALLED AT NONEVENT (ADDITIONAL OR LAGGED) DOSE TIMES.
0ERROR SUBROUTINE CALLED WITH EVERY EVENT RECORD.
1
 
 
 #TBLN:      1
 #METH: First Order Conditional Estimation with Interaction
 
 ESTIMATION STEP OMITTED:                 NO
 ANALYSIS TYPE:                           POPULATION
 NUMBER OF SADDLE POINT RESET ITERATIONS:      0
 GRADIENT METHOD USED:               NOSLOW
 CONDITIONAL ESTIMATES USED:              YES
 CENTERED ETA:                            NO
 EPS-ETA INTERACTION:                     YES
 LAPLACIAN OBJ. FUNC.:                    NO
 NO. OF FUNCT. EVALS. ALLOWED:            9999
 NO. OF SIG. FIGURES REQUIRED:            3
 INTERMEDIATE PRINTOUT:                   YES
 ESTIMATE OUTPUT TO MSF:                  NO
 ABORT WITH PRED EXIT CODE 1:             NO
 IND. OBJ. FUNC. VALUES SORTED:           NO
 NUMERICAL DERIVATIVE
       FILE REQUEST (NUMDER):               NONE
 MAP (ETAHAT) ESTIMATION METHOD (OPTMAP):   0
 ETA HESSIAN EVALUATION METHOD (ETADER):    0
 INITIAL ETA FOR MAP ESTIMATION (MCETA):    0
 SIGDIGITS FOR MAP ESTIMATION (SIGLO):      100
 GRADIENT SIGDIGITS OF
       FIXED EFFECTS PARAMETERS (SIGL):     100
 NOPRIOR SETTING (NOPRIOR):                 OFF
 NOCOV SETTING (NOCOV):                     OFF
 DERCONT SETTING (DERCONT):                 OFF
 FINAL ETA RE-EVALUATION (FNLETA):          ON
 EXCLUDE NON-INFLUENTIAL (NON-INFL.) ETAS
       IN SHRINKAGE (ETASTYPE):             NO
 NON-INFL. ETA CORRECTION (NONINFETA):      OFF
 RAW OUTPUT FILE (FILE): runN060.ext
 EXCLUDE TITLE (NOTITLE):                   NO
 EXCLUDE COLUMN LABELS (NOLABEL):           NO
 FORMAT FOR ADDITIONAL FILES (FORMAT):      S1PE12.5
 PARAMETER ORDER FOR OUTPUTS (ORDER):       TSOL
 WISHART PRIOR DF INTERPRETATION (WISHTYPE):0
 KNUTHSUMOFF:                               0
 INCLUDE LNTWOPI:                           NO
 INCLUDE CONSTANT TERM TO PRIOR (PRIORC):   NO
 INCLUDE CONSTANT TERM TO OMEGA (ETA) (OLNTWOPI):NO
 ADDITIONAL CONVERGENCE TEST (CTYPE=4)?:    NO
 EM OR BAYESIAN METHOD USED:                 NONE

 
 THE FOLLOWING LABELS ARE EQUIVALENT
 PRED=PREDI
 RES=RESI
 WRES=WRESI
 IWRS=IWRESI
 IPRD=IPREDI
 IRS=IRESI
 
 MONITORING OF SEARCH:

 
0ITERATION NO.:    0    OBJECTIVE VALUE:   20111.3363659869        NO. OF FUNC. EVALS.:   8
 CUMULATIVE NO. OF FUNC. EVALS.:        8
 NPARAMETR:  1.6000E+00  4.5000E+00  1.6000E+00  4.0000E+00  2.0000E-01  3.0000E-01  1.5000E-01  1.5000E-01  1.5000E-01  1.5000E-01
             1.5000E-01
 PARAMETER:  1.0000E-01  1.0000E-01  1.0000E-01  1.0000E-01  1.0000E-01  1.0000E-01  1.0000E-01  1.0000E-01  1.0000E-01  1.0000E-01
             1.0000E-01
 GRADIENT:   4.9395E+03  1.4432E+04  1.8156E+03  6.6291E+03  4.8210E+02  1.2511E+03  2.9091E+01  7.0808E+01 -1.3390E+00  2.9909E+01
             4.4374E+00
 
0ITERATION NO.:    5    OBJECTIVE VALUE:   20006.4172891962        NO. OF FUNC. EVALS.:  56
 CUMULATIVE NO. OF FUNC. EVALS.:       64
 NPARAMETR:  1.3106E+00  4.3045E+00  1.2576E+00  3.8123E+00  1.8271E-01  2.9529E-01  1.4969E-01  1.4948E-01  1.4997E-01  1.4979E-01
             1.5000E-01
 PARAMETER:  8.1912E-02  9.5655E-02  7.8601E-02  9.5306E-02  9.1354E-02  7.7453E-02  9.8956E-02  9.8248E-02  9.9902E-02  9.9284E-02
             1.0000E-01
 GRADIENT:  -1.8043E+03 -3.9149E+02  2.5886E+02  7.3920E+02  3.9588E+02  1.3485E+03  5.9540E+01  1.0986E+02  1.4445E+01  3.5663E+01
             1.7287E+01
 
0ITERATION NO.:   10    OBJECTIVE VALUE:   19534.5315031187        NO. OF FUNC. EVALS.:  47
 CUMULATIVE NO. OF FUNC. EVALS.:      111
 NPARAMETR:  1.2543E+00  4.2012E+00  1.5201E+00  3.8250E+00 -2.0832E-02  2.0752E-01  1.2030E-01  6.4341E-02  1.5205E-01  6.1678E-02
             8.3039E-02
 PARAMETER:  7.8394E-02  9.3360E-02  9.5004E-02  9.5624E-02 -1.0416E-02 -3.9263E-01 -1.0318E-02 -3.2322E-01  1.0678E-01 -3.4435E-01
            -1.9567E-01
 GRADIENT:  -2.6667E+03  7.4900E+01  5.0434E+02  1.4160E+02  2.7545E+02  2.6244E+02  1.0728E+01 -1.7145E+01 -6.8188E+00 -9.6069E+00
            -4.3654E+01
 
0ITERATION NO.:   15    OBJECTIVE VALUE:   19503.9832905638        NO. OF FUNC. EVALS.:  60
 CUMULATIVE NO. OF FUNC. EVALS.:      171
 NPARAMETR:  1.3535E+00  4.1583E+00  1.5591E+00  3.8648E+00 -1.1702E-01  1.9710E-01  9.2957E-02  7.4634E-02  2.0143E-01  6.9981E-02
             1.1403E-01
 PARAMETER:  8.4594E-02  9.2408E-02  9.7441E-02  9.6619E-02 -5.8512E-02 -4.5719E-01 -1.3925E-01 -2.4902E-01  2.4740E-01 -2.8121E-01
            -3.7096E-02
 GRADIENT:  -9.2242E+02 -5.3320E+03 -1.7597E+02  3.7775E+02  3.1255E+00  1.0904E+01 -1.3051E+01  1.7143E+00  2.3376E+00  1.1273E+00
             5.8735E-01
 
0ITERATION NO.:   20    OBJECTIVE VALUE:   19498.8974830174        NO. OF FUNC. EVALS.: 100
 CUMULATIVE NO. OF FUNC. EVALS.:      271
 NPARAMETR:  1.3758E+00  4.2301E+00  1.4701E+00  3.8221E+00 -7.3115E-02  1.9737E-01  9.8094E-02  7.0451E-02  1.6182E-01  7.9488E-02
             1.1504E-01
 PARAMETER:  8.5986E-02  9.4003E-02  9.1884E-02  9.5552E-02 -3.6558E-02 -4.5552E-01 -1.1236E-01 -2.7786E-01  1.3791E-01 -2.1751E-01
            -3.2663E-02
 GRADIENT:   5.5351E-01 -5.0934E-01 -1.6824E+00 -1.8786E+00 -4.0285E-01  3.2740E-01 -1.1356E-03  3.9958E-02  6.0964E-02  1.3588E-02
            -5.8553E-02
 
0ITERATION NO.:   24    OBJECTIVE VALUE:   19498.8973569840        NO. OF FUNC. EVALS.:  83
 CUMULATIVE NO. OF FUNC. EVALS.:      354
 NPARAMETR:  1.3759E+00  4.2303E+00  1.4702E+00  3.8221E+00 -7.2979E-02  1.9736E-01  9.8095E-02  7.0435E-02  1.6154E-01  7.9485E-02
             1.1511E-01
 PARAMETER:  8.5994E-02  9.4007E-02  9.1888E-02  9.5552E-02 -3.6490E-02 -4.5559E-01 -1.1235E-01 -2.7798E-01  1.3707E-01 -2.1754E-01
            -3.2374E-02
 GRADIENT:   5.6288E+00  1.8380E+01  6.7416E-01  3.9376E-01 -1.3884E-01 -6.7320E-02  1.2605E-03  2.3373E-03  6.0120E-04 -6.7744E-03
            -4.0811E-03
 
 #TERM:
0MINIMIZATION SUCCESSFUL
 NO. OF FUNCTION EVALUATIONS USED:      354
 NO. OF SIG. DIGITS IN FINAL EST.:  3.6

 ETABAR IS THE ARITHMETIC MEAN OF THE ETA-ESTIMATES,
 AND THE P-VALUE IS GIVEN FOR THE NULL HYPOTHESIS THAT THE TRUE MEAN IS 0.
 
 ETABAR:         2.8305E-03 -1.1445E-02  1.7064E-02  5.8553E-04 -1.4016E-02
 SE:             2.7907E-02  2.1743E-02  2.1008E-02  1.7983E-02  2.5926E-02
 N:                     120         120         120         120         120
 
 P VAL.:         9.1921E-01  5.9862E-01  4.1665E-01  9.7403E-01  5.8877E-01
 
 ETASHRINKSD(%)  1.9829E+00  9.8783E+00  4.2503E+01  2.9832E+01  1.5941E+01
 ETASHRINKVR(%)  3.9265E+00  1.8781E+01  6.6941E+01  5.0765E+01  2.9340E+01
 EBVSHRINKSD(%)  1.8516E+00  1.0445E+01  4.2228E+01  3.0170E+01  1.5742E+01
 EBVSHRINKVR(%)  3.6689E+00  1.9798E+01  6.6625E+01  5.1238E+01  2.9006E+01
 EPSSHRINKSD(%)  8.3555E+00
 EPSSHRINKVR(%)  1.6013E+01
 
  
 TOTAL DATA POINTS NORMALLY DISTRIBUTED (N):         2280
 N*LOG(2PI) CONSTANT TO OBJECTIVE FUNCTION:    4190.35971141331     
 OBJECTIVE FUNCTION VALUE WITHOUT CONSTANT:    19498.8973569840     
 OBJECTIVE FUNCTION VALUE WITH CONSTANT:       23689.2570683973     
 REPORTED OBJECTIVE FUNCTION DOES NOT CONTAIN CONSTANT
  
 TOTAL EFFECTIVE ETAS (NIND*NETA):                           600
  
 #TERE:
 Elapsed estimation  time in seconds:    27.29
 Elapsed covariance  time in seconds:    13.06
 Elapsed postprocess time in seconds:     0.16
1
 
 
 
 
 
 
 
 
 
 
 
 
 
 
 
 
 
 
 
 
 ************************************************************************************************************************
 ********************                                                                                ********************
 ********************               FIRST ORDER CONDITIONAL ESTIMATION WITH INTERACTION              ********************
 #OBJT:**************                       MINIMUM VALUE OF OBJECTIVE FUNCTION                      ********************
 ********************                                                                                ********************
 ************************************************************************************************************************
 





 #OBJV:********************************************    19498.897       **************************************************
1
 ************************************************************************************************************************
 ********************                                                                                ********************
 ********************               FIRST ORDER CONDITIONAL ESTIMATION WITH INTERACTION              ********************
 ********************                             FINAL PARAMETER ESTIMATE                           ********************
 ********************                                                                                ********************
 ************************************************************************************************************************
 


 THETA - VECTOR OF FIXED EFFECTS PARAMETERS   *********


         TH 1      TH 2      TH 3      TH 4      TH 5      TH 6     
 
         1.38E+00  4.23E+00  1.47E+00  3.82E+00 -7.30E-02  1.97E-01
 


 OMEGA - COV MATRIX FOR RANDOM EFFECTS - ETAS  ********


         ETA1      ETA2      ETA3      ETA4      ETA5     
 
 ETA1
+        9.81E-02
 
 ETA2
+        0.00E+00  7.04E-02
 
 ETA3
+        0.00E+00  0.00E+00  1.62E-01
 
 ETA4
+        0.00E+00  0.00E+00  0.00E+00  7.95E-02
 
 ETA5
+        0.00E+00  0.00E+00  0.00E+00  0.00E+00  1.15E-01
 


 SIGMA - COV MATRIX FOR RANDOM EFFECTS - EPSILONS  ****


         EPS1     
 
 EPS1
+        1.00E+00
 
1


 OMEGA - CORR MATRIX FOR RANDOM EFFECTS - ETAS  *******


         ETA1      ETA2      ETA3      ETA4      ETA5     
 
 ETA1
+        3.13E-01
 
 ETA2
+        0.00E+00  2.65E-01
 
 ETA3
+        0.00E+00  0.00E+00  4.02E-01
 
 ETA4
+        0.00E+00  0.00E+00  0.00E+00  2.82E-01
 
 ETA5
+        0.00E+00  0.00E+00  0.00E+00  0.00E+00  3.39E-01
 


 SIGMA - CORR MATRIX FOR RANDOM EFFECTS - EPSILONS  ***


         EPS1     
 
 EPS1
+        1.00E+00
 
1
 ************************************************************************************************************************
 ********************                                                                                ********************
 ********************               FIRST ORDER CONDITIONAL ESTIMATION WITH INTERACTION              ********************
 ********************                            STANDARD ERROR OF ESTIMATE                          ********************
 ********************                                                                                ********************
 ************************************************************************************************************************
 


 THETA - VECTOR OF FIXED EFFECTS PARAMETERS   *********


         TH 1      TH 2      TH 3      TH 4      TH 5      TH 6     
 
         2.91E-02  3.92E-02  1.12E-01  4.81E-02  4.69E-02  3.24E-03
 


 OMEGA - COV MATRIX FOR RANDOM EFFECTS - ETAS  ********


         ETA1      ETA2      ETA3      ETA4      ETA5     
 
 ETA1
+        1.73E-02
 
 ETA2
+       .........  1.11E-02
 
 ETA3
+       ......... .........  6.42E-02
 
 ETA4
+       ......... ......... .........  2.63E-02
 
 ETA5
+       ......... ......... ......... .........  2.01E-02
 


 SIGMA - COV MATRIX FOR RANDOM EFFECTS - EPSILONS  ****


         EPS1     
 
 EPS1
+       .........
 
1


 OMEGA - CORR MATRIX FOR RANDOM EFFECTS - ETAS  *******


         ETA1      ETA2      ETA3      ETA4      ETA5     
 
 ETA1
+        2.76E-02
 
 ETA2
+       .........  2.10E-02
 
 ETA3
+       ......... .........  7.98E-02
 
 ETA4
+       ......... ......... .........  4.66E-02
 
 ETA5
+       ......... ......... ......... .........  2.97E-02
 


 SIGMA - CORR MATRIX FOR RANDOM EFFECTS - EPSILONS  ***


         EPS1     
 
 EPS1
+       .........
 
1
 ************************************************************************************************************************
 ********************                                                                                ********************
 ********************               FIRST ORDER CONDITIONAL ESTIMATION WITH INTERACTION              ********************
 ********************                          COVARIANCE MATRIX OF ESTIMATE                         ********************
 ********************                                                                                ********************
 ************************************************************************************************************************
 

            TH 1      TH 2      TH 3      TH 4      TH 5      TH 6      OM11      OM12      OM13      OM14      OM15      OM22  
             OM23      OM24      OM25      OM33      OM34      OM35      OM44      OM45      OM55      SG11  
 
 TH 1
+        8.48E-04
 
 TH 2
+       -3.14E-05  1.54E-03
 
 TH 3
+        5.44E-04 -2.89E-03  1.26E-02
 
 TH 4
+        1.04E-04 -9.74E-04  3.20E-03  2.32E-03
 
 TH 5
+        9.82E-06  1.12E-03 -2.76E-03 -1.02E-03  2.20E-03
 
 TH 6
+       -1.10E-05  1.57E-05 -1.09E-05 -2.10E-06 -2.17E-05  1.05E-05
 
 OM11
+        1.12E-04  2.81E-05  2.48E-04  6.77E-05  1.19E-07 -1.00E-06  2.99E-04
 
 OM12
+       ......... ......... ......... ......... ......... ......... ......... .........
 
 OM13
+       ......... ......... ......... ......... ......... ......... ......... ......... .........
 
 OM14
+       ......... ......... ......... ......... ......... ......... ......... ......... ......... .........
 
 OM15
+       ......... ......... ......... ......... ......... ......... ......... ......... ......... ......... .........
 
 OM22
+       -8.75E-06 -8.76E-05  8.64E-05  2.17E-05 -7.46E-05 -2.33E-06 -2.51E-05 ......... ......... ......... .........  1.24E-04
 
 OM23
+       ......... ......... ......... ......... ......... ......... ......... ......... ......... ......... ......... .........
         .........
 
 OM24
+       ......... ......... ......... ......... ......... ......... ......... ......... ......... ......... ......... .........
         ......... .........
 
 OM25
+       ......... ......... ......... ......... ......... ......... ......... ......... ......... ......... ......... .........
         ......... ......... .........
 
 OM33
+        1.68E-04 -1.01E-03  4.01E-03  1.12E-03 -8.84E-04  3.27E-06  1.75E-04 ......... ......... ......... .........  3.57E-05
         ......... ......... .........  4.12E-03
 
 OM34
+       ......... ......... ......... ......... ......... ......... ......... ......... ......... ......... ......... .........
         ......... ......... ......... ......... .........
 
 OM35
+       ......... ......... ......... ......... ......... ......... ......... ......... ......... ......... ......... .........
         ......... ......... ......... ......... ......... .........
 
 OM44
+       -3.49E-05  3.34E-04 -9.71E-04 -2.04E-04  4.57E-04 -5.57E-06 -1.19E-05 ......... ......... ......... .........  2.06E-06
         ......... ......... ......... -4.41E-04 ......... .........  6.90E-04
 
1

            TH 1      TH 2      TH 3      TH 4      TH 5      TH 6      OM11      OM12      OM13      OM14      OM15      OM22  
             OM23      OM24      OM25      OM33      OM34      OM35      OM44      OM45      OM55      SG11  
 
 OM45
+       ......... ......... ......... ......... ......... ......... ......... ......... ......... ......... ......... .........
         ......... ......... ......... ......... ......... ......... ......... .........
 
 OM55
+       -5.41E-05 -1.79E-05 -7.37E-05  1.34E-04 -1.28E-04  3.49E-06 -2.42E-05 ......... ......... ......... ......... -2.91E-06
         ......... ......... ......... -1.78E-04 ......... ......... -3.87E-05 .........  4.05E-04
 
 SG11
+       ......... ......... ......... ......... ......... ......... ......... ......... ......... ......... ......... .........
         ......... ......... ......... ......... ......... ......... ......... ......... ......... .........
 
1
 ************************************************************************************************************************
 ********************                                                                                ********************
 ********************               FIRST ORDER CONDITIONAL ESTIMATION WITH INTERACTION              ********************
 ********************                          CORRELATION MATRIX OF ESTIMATE                        ********************
 ********************                                                                                ********************
 ************************************************************************************************************************
 

            TH 1      TH 2      TH 3      TH 4      TH 5      TH 6      OM11      OM12      OM13      OM14      OM15      OM22  
             OM23      OM24      OM25      OM33      OM34      OM35      OM44      OM45      OM55      SG11  
 
 TH 1
+        2.91E-02
 
 TH 2
+       -2.75E-02  3.92E-02
 
 TH 3
+        1.67E-01 -6.56E-01  1.12E-01
 
 TH 4
+        7.38E-02 -5.15E-01  5.93E-01  4.81E-02
 
 TH 5
+        7.18E-03  6.07E-01 -5.25E-01 -4.49E-01  4.69E-02
 
 TH 6
+       -1.17E-01  1.24E-01 -3.00E-02 -1.35E-02 -1.43E-01  3.24E-03
 
 OM11
+        2.22E-01  4.13E-02  1.28E-01  8.14E-02  1.46E-04 -1.79E-02  1.73E-02
 
 OM12
+       ......... ......... ......... ......... ......... ......... ......... .........
 
 OM13
+       ......... ......... ......... ......... ......... ......... ......... ......... .........
 
 OM14
+       ......... ......... ......... ......... ......... ......... ......... ......... ......... .........
 
 OM15
+       ......... ......... ......... ......... ......... ......... ......... ......... ......... ......... .........
 
 OM22
+       -2.70E-02 -2.00E-01  6.92E-02  4.04E-02 -1.43E-01 -6.45E-02 -1.30E-01 ......... ......... ......... .........  1.11E-02
 
 OM23
+       ......... ......... ......... ......... ......... ......... ......... ......... ......... ......... ......... .........
         .........
 
 OM24
+       ......... ......... ......... ......... ......... ......... ......... ......... ......... ......... ......... .........
         ......... .........
 
 OM25
+       ......... ......... ......... ......... ......... ......... ......... ......... ......... ......... ......... .........
         ......... ......... .........
 
 OM33
+        8.99E-02 -4.00E-01  5.58E-01  3.62E-01 -2.93E-01  1.57E-02  1.58E-01 ......... ......... ......... .........  4.99E-02
         ......... ......... .........  6.42E-02
 
 OM34
+       ......... ......... ......... ......... ......... ......... ......... ......... ......... ......... ......... .........
         ......... ......... ......... ......... .........
 
 OM35
+       ......... ......... ......... ......... ......... ......... ......... ......... ......... ......... ......... .........
         ......... ......... ......... ......... ......... .........
 
 OM44
+       -4.57E-02  3.24E-01 -3.30E-01 -1.61E-01  3.70E-01 -6.55E-02 -2.62E-02 ......... ......... ......... .........  7.05E-03
         ......... ......... ......... -2.62E-01 ......... .........  2.63E-02
 
1

            TH 1      TH 2      TH 3      TH 4      TH 5      TH 6      OM11      OM12      OM13      OM14      OM15      OM22  
             OM23      OM24      OM25      OM33      OM34      OM35      OM44      OM45      OM55      SG11  
 
 OM45
+       ......... ......... ......... ......... ......... ......... ......... ......... ......... ......... ......... .........
         ......... ......... ......... ......... ......... ......... ......... .........
 
 OM55
+       -9.23E-02 -2.27E-02 -3.27E-02  1.38E-01 -1.35E-01  5.35E-02 -6.94E-02 ......... ......... ......... ......... -1.30E-02
         ......... ......... ......... -1.38E-01 ......... ......... -7.32E-02 .........  2.01E-02
 
 SG11
+       ......... ......... ......... ......... ......... ......... ......... ......... ......... ......... ......... .........
         ......... ......... ......... ......... ......... ......... ......... ......... ......... .........
 
1
 ************************************************************************************************************************
 ********************                                                                                ********************
 ********************               FIRST ORDER CONDITIONAL ESTIMATION WITH INTERACTION              ********************
 ********************                      INVERSE COVARIANCE MATRIX OF ESTIMATE                     ********************
 ********************                                                                                ********************
 ************************************************************************************************************************
 

            TH 1      TH 2      TH 3      TH 4      TH 5      TH 6      OM11      OM12      OM13      OM14      OM15      OM22  
             OM23      OM24      OM25      OM33      OM34      OM35      OM44      OM45      OM55      SG11  
 
 TH 1
+        1.30E+03
 
 TH 2
+       -9.93E+01  1.58E+03
 
 TH 3
+       -7.84E+01  2.00E+02  2.11E+02
 
 TH 4
+       -8.41E+00  1.70E+02 -1.29E+02  7.48E+02
 
 TH 5
+       -4.06E+01 -4.38E+02  5.80E+01  1.02E+02  8.78E+02
 
 TH 6
+        1.30E+03 -3.12E+03 -2.15E+01  6.04E+00  2.38E+03  1.07E+05
 
 OM11
+       -4.06E+02 -3.20E+02 -6.75E+01 -6.86E+01  3.06E+01  5.25E+02  3.74E+03
 
 OM12
+       ......... ......... ......... ......... ......... ......... ......... .........
 
 OM13
+       ......... ......... ......... ......... ......... ......... ......... ......... .........
 
 OM14
+       ......... ......... ......... ......... ......... ......... ......... ......... ......... .........
 
 OM15
+       ......... ......... ......... ......... ......... ......... ......... ......... ......... ......... .........
 
 OM22
+       -7.80E+00  5.39E+02  5.99E+01  1.34E+02  2.24E+02  1.54E+03  6.28E+02 ......... ......... ......... .........  8.68E+03
 
 OM23
+       ......... ......... ......... ......... ......... ......... ......... ......... ......... ......... ......... .........
         .........
 
 OM24
+       ......... ......... ......... ......... ......... ......... ......... ......... ......... ......... ......... .........
         ......... .........
 
 OM25
+       ......... ......... ......... ......... ......... ......... ......... ......... ......... ......... ......... .........
         ......... ......... .........
 
 OM33
+        1.96E+01  4.58E+01 -9.44E+01 -3.95E+01 -2.50E+01 -3.49E+02 -1.31E+02 ......... ......... ......... ......... -4.72E+01
         ......... ......... .........  3.74E+02
 
 OM34
+       ......... ......... ......... ......... ......... ......... ......... ......... ......... ......... ......... .........
         ......... ......... ......... ......... .........
 
 OM35
+       ......... ......... ......... ......... ......... ......... ......... ......... ......... ......... ......... .........
         ......... ......... ......... ......... ......... .........
 
 OM44
+        5.10E+01 -1.54E+02  6.07E+01 -1.53E+02 -2.46E+02  6.05E+02 -1.21E+01 ......... ......... ......... ......... -3.12E+02
         ......... ......... .........  9.40E+01 ......... .........  1.81E+03
 
1

            TH 1      TH 2      TH 3      TH 4      TH 5      TH 6      OM11      OM12      OM13      OM14      OM15      OM22  
             OM23      OM24      OM25      OM33      OM34      OM35      OM44      OM45      OM55      SG11  
 
 OM45
+       ......... ......... ......... ......... ......... ......... ......... ......... ......... ......... ......... .........
         ......... ......... ......... ......... ......... ......... ......... .........
 
 OM55
+        1.23E+02 -8.39E+01  5.86E+01 -2.67E+02  1.77E+02 -1.97E+02  1.15E+02 ......... ......... ......... .........  9.60E+01
         ......... ......... .........  1.61E+02 ......... .........  1.89E+02 .........  2.73E+03
 
 SG11
+       ......... ......... ......... ......... ......... ......... ......... ......... ......... ......... ......... .........
         ......... ......... ......... ......... ......... ......... ......... ......... ......... .........
 
 Elapsed finaloutput time in seconds:     0.21
 #CPUT: Total CPU Time in Seconds,       40.728
Stop Time:
Sat Jul 19 15:34:22 CEST 2025
